Analysis & Synthesis report for Lab08
Thu May 29 11:18:38 2025
Quartus II 64-Bit Version 13.1.0 Build 162 10/23/2013 SJ Web Edition


---------------------
; Table of Contents ;
---------------------
  1. Legal Notice
  2. Analysis & Synthesis Summary
  3. Analysis & Synthesis Settings
  4. Parallel Compilation
  5. Analysis & Synthesis Source Files Read
  6. Analysis & Synthesis Resource Usage Summary
  7. Analysis & Synthesis Resource Utilization by Entity
  8. Registers Removed During Synthesis
  9. Removed Registers Triggering Further Register Optimizations
 10. General Register Statistics
 11. Elapsed Time Per Partition
 12. Analysis & Synthesis Messages



----------------
; Legal Notice ;
----------------
Copyright (C) 1991-2013 Altera Corporation
Your use of Altera Corporation's design tools, logic functions 
and other software and tools, and its AMPP partner logic 
functions, and any output files from any of the foregoing 
(including device programming or simulation files), and any 
associated documentation or information are expressly subject 
to the terms and conditions of the Altera Program License 
Subscription Agreement, Altera MegaCore Function License 
Agreement, or other applicable license agreement, including, 
without limitation, that your use is for the sole purpose of 
programming logic devices manufactured by Altera and sold by 
Altera or its authorized distributors.  Please refer to the 
applicable agreement for further details.



+---------------------------------------------------------------------------------+
; Analysis & Synthesis Summary                                                    ;
+------------------------------------+--------------------------------------------+
; Analysis & Synthesis Status        ; Successful - Thu May 29 11:18:38 2025      ;
; Quartus II 64-Bit Version          ; 13.1.0 Build 162 10/23/2013 SJ Web Edition ;
; Revision Name                      ; Lab08                                      ;
; Top-level Entity Name              ; Lab08                                      ;
; Family                             ; Cyclone III                                ;
; Total logic elements               ; 0                                          ;
;     Total combinational functions  ; 0                                          ;
;     Dedicated logic registers      ; 0                                          ;
; Total registers                    ; 0                                          ;
; Total pins                         ; 25                                         ;
; Total virtual pins                 ; 0                                          ;
; Total memory bits                  ; 0                                          ;
; Embedded Multiplier 9-bit elements ; 0                                          ;
; Total PLLs                         ; 0                                          ;
+------------------------------------+--------------------------------------------+


+----------------------------------------------------------------------------------------------------------------------+
; Analysis & Synthesis Settings                                                                                        ;
+----------------------------------------------------------------------------+--------------------+--------------------+
; Option                                                                     ; Setting            ; Default Value      ;
+----------------------------------------------------------------------------+--------------------+--------------------+
; Device                                                                     ; EP3C16F484C6       ;                    ;
; Top-level entity name                                                      ; Lab08              ; Lab08              ;
; Family name                                                                ; Cyclone III        ; Cyclone IV GX      ;
; Use smart compilation                                                      ; Off                ; Off                ;
; Enable parallel Assembler and TimeQuest Timing Analyzer during compilation ; On                 ; On                 ;
; Enable compact report table                                                ; Off                ; Off                ;
; Restructure Multiplexers                                                   ; Auto               ; Auto               ;
; Create Debugging Nodes for IP Cores                                        ; Off                ; Off                ;
; Preserve fewer node names                                                  ; On                 ; On                 ;
; Disable OpenCore Plus hardware evaluation                                  ; Off                ; Off                ;
; Verilog Version                                                            ; Verilog_2001       ; Verilog_2001       ;
; VHDL Version                                                               ; VHDL_1993          ; VHDL_1993          ;
; State Machine Processing                                                   ; Auto               ; Auto               ;
; Safe State Machine                                                         ; Off                ; Off                ;
; Extract Verilog State Machines                                             ; On                 ; On                 ;
; Extract VHDL State Machines                                                ; On                 ; On                 ;
; Ignore Verilog initial constructs                                          ; Off                ; Off                ;
; Iteration limit for constant Verilog loops                                 ; 5000               ; 5000               ;
; Iteration limit for non-constant Verilog loops                             ; 250                ; 250                ;
; Add Pass-Through Logic to Inferred RAMs                                    ; On                 ; On                 ;
; Infer RAMs from Raw Logic                                                  ; On                 ; On                 ;
; Parallel Synthesis                                                         ; On                 ; On                 ;
; DSP Block Balancing                                                        ; Auto               ; Auto               ;
; NOT Gate Push-Back                                                         ; On                 ; On                 ;
; Power-Up Don't Care                                                        ; On                 ; On                 ;
; Remove Redundant Logic Cells                                               ; Off                ; Off                ;
; Remove Duplicate Registers                                                 ; On                 ; On                 ;
; Ignore CARRY Buffers                                                       ; Off                ; Off                ;
; Ignore CASCADE Buffers                                                     ; Off                ; Off                ;
; Ignore GLOBAL Buffers                                                      ; Off                ; Off                ;
; Ignore ROW GLOBAL Buffers                                                  ; Off                ; Off                ;
; Ignore LCELL Buffers                                                       ; Off                ; Off                ;
; Ignore SOFT Buffers                                                        ; On                 ; On                 ;
; Limit AHDL Integers to 32 Bits                                             ; Off                ; Off                ;
; Optimization Technique                                                     ; Balanced           ; Balanced           ;
; Carry Chain Length                                                         ; 70                 ; 70                 ;
; Auto Carry Chains                                                          ; On                 ; On                 ;
; Auto Open-Drain Pins                                                       ; On                 ; On                 ;
; Perform WYSIWYG Primitive Resynthesis                                      ; Off                ; Off                ;
; Auto ROM Replacement                                                       ; On                 ; On                 ;
; Auto RAM Replacement                                                       ; On                 ; On                 ;
; Auto DSP Block Replacement                                                 ; On                 ; On                 ;
; Auto Shift Register Replacement                                            ; Auto               ; Auto               ;
; Allow Shift Register Merging across Hierarchies                            ; Auto               ; Auto               ;
; Auto Clock Enable Replacement                                              ; On                 ; On                 ;
; Strict RAM Replacement                                                     ; Off                ; Off                ;
; Allow Synchronous Control Signals                                          ; On                 ; On                 ;
; Force Use of Synchronous Clear Signals                                     ; Off                ; Off                ;
; Auto RAM Block Balancing                                                   ; On                 ; On                 ;
; Auto RAM to Logic Cell Conversion                                          ; Off                ; Off                ;
; Auto Resource Sharing                                                      ; Off                ; Off                ;
; Allow Any RAM Size For Recognition                                         ; Off                ; Off                ;
; Allow Any ROM Size For Recognition                                         ; Off                ; Off                ;
; Allow Any Shift Register Size For Recognition                              ; Off                ; Off                ;
; Use LogicLock Constraints during Resource Balancing                        ; On                 ; On                 ;
; Ignore translate_off and synthesis_off directives                          ; Off                ; Off                ;
; Timing-Driven Synthesis                                                    ; On                 ; On                 ;
; Report Parameter Settings                                                  ; On                 ; On                 ;
; Report Source Assignments                                                  ; On                 ; On                 ;
; Report Connectivity Checks                                                 ; On                 ; On                 ;
; Ignore Maximum Fan-Out Assignments                                         ; Off                ; Off                ;
; Synchronization Register Chain Length                                      ; 2                  ; 2                  ;
; PowerPlay Power Optimization                                               ; Normal compilation ; Normal compilation ;
; HDL message level                                                          ; Level2             ; Level2             ;
; Suppress Register Optimization Related Messages                            ; Off                ; Off                ;
; Number of Removed Registers Reported in Synthesis Report                   ; 5000               ; 5000               ;
; Number of Swept Nodes Reported in Synthesis Report                         ; 5000               ; 5000               ;
; Number of Inverted Registers Reported in Synthesis Report                  ; 100                ; 100                ;
; Clock MUX Protection                                                       ; On                 ; On                 ;
; Auto Gated Clock Conversion                                                ; Off                ; Off                ;
; Block Design Naming                                                        ; Auto               ; Auto               ;
; SDC constraint protection                                                  ; Off                ; Off                ;
; Synthesis Effort                                                           ; Auto               ; Auto               ;
; Shift Register Replacement - Allow Asynchronous Clear Signal               ; On                 ; On                 ;
; Pre-Mapping Resynthesis Optimization                                       ; Off                ; Off                ;
; Analysis & Synthesis Message Level                                         ; Medium             ; Medium             ;
; Disable Register Merging Across Hierarchies                                ; Auto               ; Auto               ;
; Resource Aware Inference For Block RAM                                     ; On                 ; On                 ;
; Synthesis Seed                                                             ; 1                  ; 1                  ;
+----------------------------------------------------------------------------+--------------------+--------------------+


Parallel compilation was disabled, but you have multiple processors available. Enable parallel compilation to reduce compilation time.
+-------------------------------------+
; Parallel Compilation                ;
+----------------------------+--------+
; Processors                 ; Number ;
+----------------------------+--------+
; Number detected on machine ; 2      ;
; Maximum allowed            ; 1      ;
+----------------------------+--------+


+---------------------------------------------------------------------------------------------------------------------------------------------------------+
; Analysis & Synthesis Source Files Read                                                                                                                  ;
+----------------------------------+-----------------+------------------------------------------+-----------------------------------------------+---------+
; File Name with User-Entered Path ; Used in Netlist ; File Type                                ; File Name with Absolute Path                  ; Library ;
+----------------------------------+-----------------+------------------------------------------+-----------------------------------------------+---------+
; Lab08.bdf                        ; yes             ; User Block Diagram/Schematic File        ; C:/Users/aluno/Documents/Lab08/Lab08.bdf      ;         ;
; breg.bdf                         ; yes             ; User Block Diagram/Schematic File        ; C:/Users/aluno/Documents/Lab08/breg.bdf       ;         ;
; oreg.bdf                         ; yes             ; User Block Diagram/Schematic File        ; C:/Users/aluno/Documents/Lab08/oreg.bdf       ;         ;
; hseg.bdf                         ; yes             ; Auto-Found Block Diagram/Schematic File  ; C:/Users/aluno/Documents/Lab08/hseg.bdf       ;         ;
; segmentoa.bdf                    ; yes             ; Auto-Found Block Diagram/Schematic File  ; C:/Users/aluno/Documents/Lab08/segmentoa.bdf  ;         ;
; b.bdf                            ; yes             ; Auto-Found Block Diagram/Schematic File  ; C:/Users/aluno/Documents/Lab08/b.bdf          ;         ;
; diplay_c.bdf                     ; yes             ; Auto-Found Block Diagram/Schematic File  ; C:/Users/aluno/Documents/Lab08/diplay_c.bdf   ;         ;
; segmento_d.bdf                   ; yes             ; Auto-Found Block Diagram/Schematic File  ; C:/Users/aluno/Documents/Lab08/segmento_d.bdf ;         ;
; e_dupla5.bdf                     ; yes             ; Auto-Found Block Diagram/Schematic File  ; C:/Users/aluno/Documents/Lab08/e_dupla5.bdf   ;         ;
; segmentof.bdf                    ; yes             ; Auto-Found Block Diagram/Schematic File  ; C:/Users/aluno/Documents/Lab08/segmentof.bdf  ;         ;
; letrag.bdf                       ; yes             ; Auto-Found Block Diagram/Schematic File  ; C:/Users/aluno/Documents/Lab08/letrag.bdf     ;         ;
; mux.bdf                          ; yes             ; Auto-Found Block Diagram/Schematic File  ; C:/Users/aluno/Documents/Lab08/mux.bdf        ;         ;
; lab7.bdf                         ; yes             ; Auto-Found Block Diagram/Schematic File  ; C:/Users/aluno/Documents/Lab08/lab7.bdf       ;         ;
; ffff.bdf                         ; yes             ; Auto-Found Block Diagram/Schematic File  ; C:/Users/aluno/Documents/Lab08/ffff.bdf       ;         ;
+----------------------------------+-----------------+------------------------------------------+-----------------------------------------------+---------+


+------------------------------------------------------------+
; Analysis & Synthesis Resource Usage Summary                ;
+---------------------------------------------+--------------+
; Resource                                    ; Usage        ;
+---------------------------------------------+--------------+
;                                             ;              ;
; Total combinational functions               ; 0            ;
; Logic element usage by number of LUT inputs ;              ;
;     -- 4 input functions                    ; 0            ;
;     -- 3 input functions                    ; 0            ;
;     -- <=2 input functions                  ; 0            ;
;                                             ;              ;
; Logic elements by mode                      ;              ;
;     -- normal mode                          ; 0            ;
;     -- arithmetic mode                      ; 0            ;
;                                             ;              ;
; Total registers                             ; 0            ;
;     -- Dedicated logic registers            ; 0            ;
;     -- I/O registers                        ; 0            ;
;                                             ;              ;
; I/O pins                                    ; 25           ;
; Embedded Multiplier 9-bit elements          ; 0            ;
; Maximum fan-out node                        ; SH[6]~output ;
; Maximum fan-out                             ; 1            ;
; Total fan-out                               ; 25           ;
; Average fan-out                             ; 0.50         ;
+---------------------------------------------+--------------+


+-----------------------------------------------------------------------------------------------------------------------------------------------------------------------------+
; Analysis & Synthesis Resource Utilization by Entity                                                                                                                         ;
+----------------------------+-------------------+--------------+-------------+--------------+---------+-----------+------+--------------+---------------------+--------------+
; Compilation Hierarchy Node ; LC Combinationals ; LC Registers ; Memory Bits ; DSP Elements ; DSP 9x9 ; DSP 18x18 ; Pins ; Virtual Pins ; Full Hierarchy Name ; Library Name ;
+----------------------------+-------------------+--------------+-------------+--------------+---------+-----------+------+--------------+---------------------+--------------+
; |Lab08                     ; 0 (0)             ; 0 (0)        ; 0           ; 0            ; 0       ; 0         ; 25   ; 0            ; |Lab08              ; work         ;
+----------------------------+-------------------+--------------+-------------+--------------+---------+-----------+------+--------------+---------------------+--------------+
Note: For table entries with two numbers listed, the numbers in parentheses indicate the number of resources of the given type used by the specific entity alone. The numbers listed outside of parentheses indicate the total resources of the given type used by the specific entity and all of its sub-entities in the hierarchy.


+-------------------------------------------------------------------------------+
; Registers Removed During Synthesis                                            ;
+----------------------------------------+--------------------------------------+
; Register name                          ; Reason for Removal                   ;
+----------------------------------------+--------------------------------------+
; lab7:instc|FFFF:inst|inst3             ; Stuck at GND due to stuck port clear ;
; lab7:instc|FFFF:inst|inst2             ; Stuck at GND due to stuck port clear ;
; lab7:instc|FFFF:inst|inst1             ; Stuck at GND due to stuck port clear ;
; lab7:instc|FFFF:inst|inst              ; Stuck at GND due to stuck port clear ;
; lab7:instc|FFFF:inst1|inst3            ; Stuck at GND due to stuck port clear ;
; lab7:instc|FFFF:inst1|inst2            ; Stuck at GND due to stuck port clear ;
; lab7:instc|FFFF:inst1|inst1            ; Stuck at GND due to stuck port clear ;
; lab7:instc|FFFF:inst1|inst             ; Stuck at GND due to stuck port clear ;
; lab7:instc|FFFF:inst2|inst3            ; Stuck at GND due to stuck port clear ;
; lab7:instc|FFFF:inst2|inst2            ; Stuck at GND due to stuck port clear ;
; lab7:instc|FFFF:inst2|inst1            ; Stuck at GND due to stuck port clear ;
; lab7:instc|FFFF:inst2|inst             ; Stuck at GND due to stuck port clear ;
; lab7:instc|FFFF:inst3|inst3            ; Stuck at GND due to stuck port clear ;
; lab7:instc|FFFF:inst3|inst2            ; Stuck at GND due to stuck port clear ;
; lab7:instc|FFFF:inst3|inst1            ; Stuck at GND due to stuck port clear ;
; lab7:instc|FFFF:inst3|inst             ; Stuck at GND due to stuck port clear ;
; lab7:instc|FFFF:inst4|inst3            ; Stuck at GND due to stuck port clear ;
; lab7:instc|FFFF:inst4|inst2            ; Stuck at GND due to stuck port clear ;
; lab7:instc|FFFF:inst4|inst1            ; Stuck at GND due to stuck port clear ;
; lab7:instc|FFFF:inst4|inst             ; Stuck at GND due to stuck port clear ;
; lab7:instc|FFFF:inst5|inst3            ; Stuck at GND due to stuck port clear ;
; lab7:instc|FFFF:inst5|inst2            ; Stuck at GND due to stuck port clear ;
; lab7:instc|FFFF:inst5|inst1            ; Stuck at GND due to stuck port clear ;
; lab7:instc|FFFF:inst5|inst             ; Stuck at GND due to stuck port clear ;
; oreg:insto|breg:inst7|inst3            ; Stuck at GND due to stuck port clock ;
; oreg:insto|breg:inst6|inst3            ; Stuck at GND due to stuck port clock ;
; oreg:insto|breg:inst5|inst3            ; Stuck at GND due to stuck port clock ;
; oreg:insto|breg:inst|inst3             ; Stuck at GND due to stuck port clock ;
; oreg:insto|breg:inst1|inst3            ; Stuck at GND due to stuck port clock ;
; oreg:insto|breg:inst2|inst3            ; Stuck at GND due to stuck port clock ;
; oreg:insto|breg:inst3|inst3            ; Stuck at GND due to stuck port clock ;
; oreg:insto|breg:inst4|inst3            ; Stuck at GND due to stuck port clock ;
; Total Number of Removed Registers = 32 ;                                      ;
+----------------------------------------+--------------------------------------+


+-----------------------------------------------------------------------------------------------------------------------------------------------+
; Removed Registers Triggering Further Register Optimizations                                                                                   ;
+-----------------------------+-------------------------+---------------------------------------------------------------------------------------+
; Register name               ; Reason for Removal      ; Registers Removed due to This Register                                                ;
+-----------------------------+-------------------------+---------------------------------------------------------------------------------------+
; lab7:instc|FFFF:inst5|inst3 ; Stuck at GND            ; oreg:insto|breg:inst7|inst3, oreg:insto|breg:inst6|inst3,                             ;
;                             ; due to stuck port clear ; oreg:insto|breg:inst5|inst3, oreg:insto|breg:inst|inst3, oreg:insto|breg:inst1|inst3, ;
;                             ;                         ; oreg:insto|breg:inst2|inst3, oreg:insto|breg:inst3|inst3,                             ;
;                             ;                         ; oreg:insto|breg:inst4|inst3                                                           ;
; lab7:instc|FFFF:inst|inst3  ; Stuck at GND            ; lab7:instc|FFFF:inst1|inst                                                            ;
;                             ; due to stuck port clear ;                                                                                       ;
; lab7:instc|FFFF:inst1|inst3 ; Stuck at GND            ; lab7:instc|FFFF:inst2|inst                                                            ;
;                             ; due to stuck port clear ;                                                                                       ;
; lab7:instc|FFFF:inst2|inst3 ; Stuck at GND            ; lab7:instc|FFFF:inst3|inst                                                            ;
;                             ; due to stuck port clear ;                                                                                       ;
; lab7:instc|FFFF:inst3|inst3 ; Stuck at GND            ; lab7:instc|FFFF:inst4|inst                                                            ;
;                             ; due to stuck port clear ;                                                                                       ;
; lab7:instc|FFFF:inst4|inst3 ; Stuck at GND            ; lab7:instc|FFFF:inst5|inst                                                            ;
;                             ; due to stuck port clear ;                                                                                       ;
+-----------------------------+-------------------------+---------------------------------------------------------------------------------------+


+------------------------------------------------------+
; General Register Statistics                          ;
+----------------------------------------------+-------+
; Statistic                                    ; Value ;
+----------------------------------------------+-------+
; Total registers                              ; 0     ;
; Number of registers using Synchronous Clear  ; 0     ;
; Number of registers using Synchronous Load   ; 0     ;
; Number of registers using Asynchronous Clear ; 0     ;
; Number of registers using Asynchronous Load  ; 0     ;
; Number of registers using Clock Enable       ; 0     ;
; Number of registers using Preset             ; 0     ;
+----------------------------------------------+-------+


+-------------------------------+
; Elapsed Time Per Partition    ;
+----------------+--------------+
; Partition Name ; Elapsed Time ;
+----------------+--------------+
; Top            ; 00:00:00     ;
+----------------+--------------+


+-------------------------------+
; Analysis & Synthesis Messages ;
+-------------------------------+
Info: *******************************************************************
Info: Running Quartus II 64-Bit Analysis & Synthesis
    Info: Version 13.1.0 Build 162 10/23/2013 SJ Web Edition
    Info: Processing started: Thu May 29 11:18:36 2025
Info: Command: quartus_map --read_settings_files=on --write_settings_files=off Lab08 -c Lab08
Warning (20028): Parallel compilation is not licensed and has been disabled
Info (12021): Found 1 design units, including 1 entities, in source file lab08.bdf
    Info (12023): Found entity 1: Lab08
Info (12021): Found 1 design units, including 1 entities, in source file 1breg.bdf
    Info (12023): Found entity 1: 1breg
Info (12021): Found 1 design units, including 1 entities, in source file breg.bdf
    Info (12023): Found entity 1: breg
Info (12021): Found 1 design units, including 1 entities, in source file oreg.bdf
    Info (12023): Found entity 1: oreg
Info (12127): Elaborating entity "Lab08" for the top level hierarchy
Warning (275011): Block or symbol "oreg" of instance "insto" overlaps another block or symbol
Warning (12125): Using design file hseg.bdf, which is not specified as a design file for the current project, but contains definitions for 1 design units and 1 entities in project
    Info (12023): Found entity 1: hseg
Info (12128): Elaborating entity "hseg" for hierarchy "hseg:inst"
Warning (12125): Using design file segmentoa.bdf, which is not specified as a design file for the current project, but contains definitions for 1 design units and 1 entities in project
    Info (12023): Found entity 1: SegmentoA
Info (12128): Elaborating entity "SegmentoA" for hierarchy "hseg:inst|SegmentoA:inst"
Warning (12125): Using design file b.bdf, which is not specified as a design file for the current project, but contains definitions for 1 design units and 1 entities in project
    Info (12023): Found entity 1: B
Info (12128): Elaborating entity "B" for hierarchy "hseg:inst|B:inst1"
Warning (12125): Using design file diplay_c.bdf, which is not specified as a design file for the current project, but contains definitions for 1 design units and 1 entities in project
    Info (12023): Found entity 1: Diplay_C
Info (12128): Elaborating entity "Diplay_C" for hierarchy "hseg:inst|Diplay_C:inst2"
Warning (12125): Using design file segmento_d.bdf, which is not specified as a design file for the current project, but contains definitions for 1 design units and 1 entities in project
    Info (12023): Found entity 1: Segmento_D
Info (12128): Elaborating entity "Segmento_D" for hierarchy "hseg:inst|Segmento_D:inst3"
Warning (12125): Using design file e_dupla5.bdf, which is not specified as a design file for the current project, but contains definitions for 1 design units and 1 entities in project
    Info (12023): Found entity 1: E_dupla5
Info (12128): Elaborating entity "E_dupla5" for hierarchy "hseg:inst|E_dupla5:inst4"
Warning (12125): Using design file segmentof.bdf, which is not specified as a design file for the current project, but contains definitions for 1 design units and 1 entities in project
    Info (12023): Found entity 1: segmentof
Info (12128): Elaborating entity "segmentof" for hierarchy "hseg:inst|segmentof:inst5"
Warning (12125): Using design file letrag.bdf, which is not specified as a design file for the current project, but contains definitions for 1 design units and 1 entities in project
    Info (12023): Found entity 1: letraG
Info (12128): Elaborating entity "letraG" for hierarchy "hseg:inst|letraG:inst6"
Info (12128): Elaborating entity "oreg" for hierarchy "oreg:insto"
Info (12128): Elaborating entity "breg" for hierarchy "oreg:insto|breg:inst4"
Warning (12090): Entity "MUX" obtained from "mux.bdf" instead of from Quartus II megafunction library
Warning (12125): Using design file mux.bdf, which is not specified as a design file for the current project, but contains definitions for 1 design units and 1 entities in project
    Info (12023): Found entity 1: MUX
Info (12128): Elaborating entity "MUX" for hierarchy "oreg:insto|breg:inst4|MUX:inst1"
Warning (12125): Using design file lab7.bdf, which is not specified as a design file for the current project, but contains definitions for 1 design units and 1 entities in project
    Info (12023): Found entity 1: lab7
Info (12128): Elaborating entity "lab7" for hierarchy "lab7:instc"
Warning (12125): Using design file ffff.bdf, which is not specified as a design file for the current project, but contains definitions for 1 design units and 1 entities in project
    Info (12023): Found entity 1: FFFF
Info (12128): Elaborating entity "FFFF" for hierarchy "lab7:instc|FFFF:inst5"
Warning (13024): Output pins are stuck at VCC or GND
    Warning (13410): Pin "SH[6]" is stuck at VCC
    Warning (13410): Pin "SH[5]" is stuck at GND
    Warning (13410): Pin "SH[4]" is stuck at GND
    Warning (13410): Pin "SH[3]" is stuck at GND
    Warning (13410): Pin "SH[2]" is stuck at GND
    Warning (13410): Pin "SH[1]" is stuck at GND
    Warning (13410): Pin "SH[0]" is stuck at GND
    Warning (13410): Pin "SL[6]" is stuck at VCC
    Warning (13410): Pin "SL[5]" is stuck at GND
    Warning (13410): Pin "SL[4]" is stuck at GND
    Warning (13410): Pin "SL[3]" is stuck at GND
    Warning (13410): Pin "SL[2]" is stuck at GND
    Warning (13410): Pin "SL[1]" is stuck at GND
    Warning (13410): Pin "SL[0]" is stuck at GND
Info (16010): Generating hard_block partition "hard_block:auto_generated_inst"
    Info (16011): Adding 0 node(s), including 0 DDIO, 0 PLL, 0 transceiver and 0 LCELL
Warning (21074): Design contains 11 input pin(s) that do not drive logic
    Warning (15610): No output dependent on input pin "CLKi"
    Warning (15610): No output dependent on input pin "D[7]"
    Warning (15610): No output dependent on input pin "D[6]"
    Warning (15610): No output dependent on input pin "D[5]"
    Warning (15610): No output dependent on input pin "D[4]"
    Warning (15610): No output dependent on input pin "D[3]"
    Warning (15610): No output dependent on input pin "D[2]"
    Warning (15610): No output dependent on input pin "D[1]"
    Warning (15610): No output dependent on input pin "D[0]"
    Warning (15610): No output dependent on input pin "Selt[1]"
    Warning (15610): No output dependent on input pin "Selt[0]"
Info (21057): Implemented 25 device resources after synthesis - the final resource count might be different
    Info (21058): Implemented 11 input pins
    Info (21059): Implemented 14 output pins
Info: Quartus II 64-Bit Analysis & Synthesis was successful. 0 errors, 41 warnings
    Info: Peak virtual memory: 4617 megabytes
    Info: Processing ended: Thu May 29 11:18:38 2025
    Info: Elapsed time: 00:00:02
    Info: Total CPU time (on all processors): 00:00:02


