TimeQuest Timing Analyzer report for Lab06
Wed May 28 19:52:41 2025
Quartus II 64-Bit Version 13.0.1 Build 232 06/12/2013 Service Pack 1 SJ Web Edition


---------------------
; Table of Contents ;
---------------------
  1. Legal Notice
  2. TimeQuest Timing Analyzer Summary
  3. Parallel Compilation
  4. Clocks
  5. Slow 1200mV 85C Model Fmax Summary
  6. Timing Closure Recommendations
  7. Slow 1200mV 85C Model Setup Summary
  8. Slow 1200mV 85C Model Hold Summary
  9. Slow 1200mV 85C Model Recovery Summary
 10. Slow 1200mV 85C Model Removal Summary
 11. Slow 1200mV 85C Model Minimum Pulse Width Summary
 12. Propagation Delay
 13. Minimum Propagation Delay
 14. Slow 1200mV 85C Model Metastability Report
 15. Slow 1200mV 0C Model Fmax Summary
 16. Slow 1200mV 0C Model Setup Summary
 17. Slow 1200mV 0C Model Hold Summary
 18. Slow 1200mV 0C Model Recovery Summary
 19. Slow 1200mV 0C Model Removal Summary
 20. Slow 1200mV 0C Model Minimum Pulse Width Summary
 21. Propagation Delay
 22. Minimum Propagation Delay
 23. Slow 1200mV 0C Model Metastability Report
 24. Fast 1200mV 0C Model Setup Summary
 25. Fast 1200mV 0C Model Hold Summary
 26. Fast 1200mV 0C Model Recovery Summary
 27. Fast 1200mV 0C Model Removal Summary
 28. Fast 1200mV 0C Model Minimum Pulse Width Summary
 29. Propagation Delay
 30. Minimum Propagation Delay
 31. Fast 1200mV 0C Model Metastability Report
 32. Multicorner Timing Analysis Summary
 33. Progagation Delay
 34. Minimum Progagation Delay
 35. Board Trace Model Assignments
 36. Input Transition Times
 37. Slow Corner Signal Integrity Metrics
 38. Fast Corner Signal Integrity Metrics
 39. Clock Transfers
 40. Report TCCS
 41. Report RSKM
 42. Unconstrained Paths
 43. TimeQuest Timing Analyzer Messages



----------------
; Legal Notice ;
----------------
Copyright (C) 1991-2013 Altera Corporation
Your use of Altera Corporation's design tools, logic functions 
and other software and tools, and its AMPP partner logic 
functions, and any output files from any of the foregoing 
(including device programming or simulation files), and any 
associated documentation or information are expressly subject 
to the terms and conditions of the Altera Program License 
Subscription Agreement, Altera MegaCore Function License 
Agreement, or other applicable license agreement, including, 
without limitation, that your use is for the sole purpose of 
programming logic devices manufactured by Altera and sold by 
Altera or its authorized distributors.  Please refer to the 
applicable agreement for further details.



+----------------------------------------------------------------------------------------+
; TimeQuest Timing Analyzer Summary                                                      ;
+--------------------+-------------------------------------------------------------------+
; Quartus II Version ; Version 13.0.1 Build 232 06/12/2013 Service Pack 1 SJ Web Edition ;
; Revision Name      ; Lab06                                                             ;
; Device Family      ; Cyclone III                                                       ;
; Device Name        ; EP3C5F256C6                                                       ;
; Timing Models      ; Final                                                             ;
; Delay Model        ; Combined                                                          ;
; Rise/Fall Delays   ; Enabled                                                           ;
+--------------------+-------------------------------------------------------------------+


Parallel compilation was disabled, but you have multiple processors available. Enable parallel compilation to reduce compilation time.
+-------------------------------------+
; Parallel Compilation                ;
+----------------------------+--------+
; Processors                 ; Number ;
+----------------------------+--------+
; Number detected on machine ; 8      ;
; Maximum allowed            ; 1      ;
+----------------------------+--------+


----------
; Clocks ;
----------
No clocks to report.


--------------------------------------
; Slow 1200mV 85C Model Fmax Summary ;
--------------------------------------
No paths to report.


----------------------------------
; Timing Closure Recommendations ;
----------------------------------
HTML report is unavailable in plain text report export.


---------------------------------------
; Slow 1200mV 85C Model Setup Summary ;
---------------------------------------
No paths to report.


--------------------------------------
; Slow 1200mV 85C Model Hold Summary ;
--------------------------------------
No paths to report.


------------------------------------------
; Slow 1200mV 85C Model Recovery Summary ;
------------------------------------------
No paths to report.


-----------------------------------------
; Slow 1200mV 85C Model Removal Summary ;
-----------------------------------------
No paths to report.


-----------------------------------------------------
; Slow 1200mV 85C Model Minimum Pulse Width Summary ;
-----------------------------------------------------
No paths to report.


+--------------------------------------------------------------+
; Propagation Delay                                            ;
+------------+-------------+--------+--------+--------+--------+
; Input Port ; Output Port ; RR     ; RF     ; FR     ; FF     ;
+------------+-------------+--------+--------+--------+--------+
; A[0]       ; Seg[0]      ; 10.172 ; 10.155 ; 10.622 ; 10.605 ;
; A[0]       ; Seg[1]      ; 10.109 ; 10.132 ; 10.559 ; 10.582 ;
; A[0]       ; Seg[2]      ; 11.567 ; 11.577 ; 12.017 ; 12.046 ;
; A[0]       ; Seg[3]      ; 9.824  ; 9.921  ; 10.286 ; 10.371 ;
; A[0]       ; Seg[4]      ; 10.153 ; 10.049 ; 10.603 ; 10.556 ;
; A[0]       ; Seg[5]      ; 11.418 ; 11.363 ; 11.868 ; 11.868 ;
; A[0]       ; Seg[6]      ; 9.861  ; 9.765  ; 10.311 ; 10.249 ;
; A[0]       ; flag_n      ; 7.446  ; 7.472  ; 7.953  ; 7.922  ;
; A[0]       ; flag_z      ; 11.889 ; 11.764 ; 12.339 ; 12.271 ;
; A[1]       ; Seg[0]      ; 10.065 ; 10.048 ; 10.488 ; 10.471 ;
; A[1]       ; Seg[1]      ; 10.002 ; 10.025 ; 10.425 ; 10.448 ;
; A[1]       ; Seg[2]      ; 11.460 ; 11.470 ; 11.883 ; 11.912 ;
; A[1]       ; Seg[3]      ; 9.717  ; 9.814  ; 10.152 ; 10.237 ;
; A[1]       ; Seg[4]      ; 10.046 ; 9.942  ; 10.469 ; 10.422 ;
; A[1]       ; Seg[5]      ; 11.311 ; 11.256 ; 11.734 ; 11.734 ;
; A[1]       ; Seg[6]      ; 9.754  ; 9.658  ; 10.177 ; 10.115 ;
; A[1]       ; flag_n      ; 7.339  ; 7.365  ; 7.819  ; 7.788  ;
; A[1]       ; flag_z      ; 11.782 ; 11.657 ; 12.205 ; 12.137 ;
; A[2]       ; Seg[0]      ; 9.798  ; 9.781  ; 10.216 ; 10.199 ;
; A[2]       ; Seg[1]      ; 9.735  ; 9.758  ; 10.153 ; 10.176 ;
; A[2]       ; Seg[2]      ; 11.193 ; 11.203 ; 11.611 ; 11.640 ;
; A[2]       ; Seg[3]      ; 9.450  ; 9.547  ; 9.880  ; 9.965  ;
; A[2]       ; Seg[4]      ; 9.779  ; 9.675  ; 10.197 ; 10.150 ;
; A[2]       ; Seg[5]      ; 11.044 ; 10.989 ; 11.462 ; 11.462 ;
; A[2]       ; Seg[6]      ; 9.487  ; 9.391  ; 9.905  ; 9.843  ;
; A[2]       ; flag_n      ; 7.072  ; 7.098  ; 7.547  ; 7.516  ;
; A[2]       ; flag_z      ; 11.515 ; 11.390 ; 11.933 ; 11.865 ;
; A[3]       ; Seg[0]      ; 9.940  ; 9.923  ; 10.346 ; 10.329 ;
; A[3]       ; Seg[1]      ; 9.877  ; 9.900  ; 10.283 ; 10.306 ;
; A[3]       ; Seg[2]      ; 11.335 ; 11.354 ; 11.741 ; 11.760 ;
; A[3]       ; Seg[3]      ; 9.594  ; 9.689  ; 10.000 ; 10.095 ;
; A[3]       ; Seg[4]      ; 9.921  ; 9.864  ; 10.327 ; 10.270 ;
; A[3]       ; Seg[5]      ; 11.186 ; 11.176 ; 11.592 ; 11.582 ;
; A[3]       ; Seg[6]      ; 9.629  ; 9.557  ; 10.035 ; 9.963  ;
; A[3]       ; flag_n      ; 7.261  ; 7.240  ; 7.667  ; 7.646  ;
; A[3]       ; flag_z      ; 11.657 ; 11.579 ; 12.063 ; 11.985 ;
; B[0]       ; Seg[0]      ; 10.200 ; 10.183 ; 10.644 ; 10.627 ;
; B[0]       ; Seg[1]      ; 10.137 ; 10.160 ; 10.581 ; 10.604 ;
; B[0]       ; Seg[2]      ; 11.595 ; 11.605 ; 12.039 ; 12.068 ;
; B[0]       ; Seg[3]      ; 9.852  ; 9.949  ; 10.308 ; 10.393 ;
; B[0]       ; Seg[4]      ; 10.181 ; 10.077 ; 10.625 ; 10.578 ;
; B[0]       ; Seg[5]      ; 11.446 ; 11.391 ; 11.890 ; 11.890 ;
; B[0]       ; Seg[6]      ; 9.889  ; 9.793  ; 10.333 ; 10.271 ;
; B[0]       ; flag_n      ; 7.474  ; 7.500  ; 7.975  ; 7.944  ;
; B[0]       ; flag_z      ; 11.917 ; 11.792 ; 12.361 ; 12.293 ;
; B[1]       ; Seg[0]      ; 9.919  ; 9.902  ; 10.360 ; 10.343 ;
; B[1]       ; Seg[1]      ; 9.856  ; 9.879  ; 10.297 ; 10.320 ;
; B[1]       ; Seg[2]      ; 11.314 ; 11.324 ; 11.755 ; 11.784 ;
; B[1]       ; Seg[3]      ; 9.571  ; 9.668  ; 10.024 ; 10.109 ;
; B[1]       ; Seg[4]      ; 9.900  ; 9.796  ; 10.341 ; 10.294 ;
; B[1]       ; Seg[5]      ; 11.165 ; 11.110 ; 11.606 ; 11.606 ;
; B[1]       ; Seg[6]      ; 9.608  ; 9.512  ; 10.049 ; 9.987  ;
; B[1]       ; flag_n      ; 7.193  ; 7.219  ; 7.691  ; 7.660  ;
; B[1]       ; flag_z      ; 11.636 ; 11.511 ; 12.077 ; 12.009 ;
; B[2]       ; Seg[0]      ; 9.948  ; 9.916  ; 10.372 ; 10.340 ;
; B[2]       ; Seg[1]      ; 9.923  ; 9.888  ; 10.347 ; 10.314 ;
; B[2]       ; Seg[2]      ; 11.323 ; 11.372 ; 11.749 ; 11.796 ;
; B[2]       ; Seg[3]      ; 9.608  ; 9.677  ; 10.032 ; 10.103 ;
; B[2]       ; Seg[4]      ; 9.916  ; 9.942  ; 10.340 ; 10.366 ;
; B[2]       ; Seg[5]      ; 11.174 ; 11.195 ; 11.600 ; 11.619 ;
; B[2]       ; Seg[6]      ; 9.622  ; 9.581  ; 10.046 ; 10.005 ;
; B[2]       ; flag_n      ; 7.202  ; 7.228  ; 7.685  ; 7.654  ;
; B[2]       ; flag_z      ; 11.645 ; 11.633 ; 12.071 ; 12.057 ;
; B[3]       ; Seg[0]      ; 10.184 ; 10.167 ; 10.656 ; 10.639 ;
; B[3]       ; Seg[1]      ; 10.121 ; 10.144 ; 10.593 ; 10.616 ;
; B[3]       ; Seg[2]      ; 11.579 ; 11.598 ; 12.051 ; 12.069 ;
; B[3]       ; Seg[3]      ; 9.838  ; 9.933  ; 10.309 ; 10.405 ;
; B[3]       ; Seg[4]      ; 10.165 ; 10.108 ; 10.637 ; 10.579 ;
; B[3]       ; Seg[5]      ; 11.430 ; 11.420 ; 11.902 ; 11.891 ;
; B[3]       ; Seg[6]      ; 9.873  ; 9.801  ; 10.345 ; 10.272 ;
; B[3]       ; flag_n      ; 7.505  ; 7.484  ; 7.976  ; 7.956  ;
; B[3]       ; flag_z      ; 11.901 ; 11.823 ; 12.373 ; 12.294 ;
; op_sel[0]  ; Seg[0]      ; 9.566  ; 9.534  ; 9.989  ; 9.972  ;
; op_sel[0]  ; Seg[1]      ; 9.541  ; 9.507  ; 9.940  ; 9.949  ;
; op_sel[0]  ; Seg[2]      ; 10.942 ; 10.990 ; 11.384 ; 11.403 ;
; op_sel[0]  ; Seg[3]      ; 9.226  ; 9.296  ; 9.643  ; 9.738  ;
; op_sel[0]  ; Seg[4]      ; 9.534  ; 9.560  ; 9.970  ; 9.959  ;
; op_sel[0]  ; Seg[5]      ; 10.793 ; 10.813 ; 11.235 ; 11.225 ;
; op_sel[0]  ; Seg[6]      ; 9.240  ; 9.199  ; 9.678  ; 9.606  ;
; op_sel[0]  ; flag_n      ; 6.868  ; 6.847  ; 7.310  ; 7.289  ;
; op_sel[0]  ; flag_z      ; 11.264 ; 11.251 ; 11.706 ; 11.650 ;
; op_sel[1]  ; Seg[0]      ; 10.100 ; 10.083 ; 10.552 ; 10.535 ;
; op_sel[1]  ; Seg[1]      ; 10.037 ; 10.060 ; 10.489 ; 10.512 ;
; op_sel[1]  ; Seg[2]      ; 11.495 ; 11.514 ; 11.947 ; 11.966 ;
; op_sel[1]  ; Seg[3]      ; 9.754  ; 9.849  ; 10.206 ; 10.301 ;
; op_sel[1]  ; Seg[4]      ; 10.081 ; 10.024 ; 10.533 ; 10.476 ;
; op_sel[1]  ; Seg[5]      ; 11.346 ; 11.336 ; 11.798 ; 11.788 ;
; op_sel[1]  ; Seg[6]      ; 9.789  ; 9.717  ; 10.241 ; 10.169 ;
; op_sel[1]  ; flag_n      ; 7.421  ; 7.400  ; 7.873  ; 7.852  ;
; op_sel[1]  ; flag_z      ; 11.817 ; 11.739 ; 12.269 ; 12.191 ;
+------------+-------------+--------+--------+--------+--------+


+--------------------------------------------------------------+
; Minimum Propagation Delay                                    ;
+------------+-------------+--------+--------+--------+--------+
; Input Port ; Output Port ; RR     ; RF     ; FR     ; FF     ;
+------------+-------------+--------+--------+--------+--------+
; A[0]       ; Seg[0]      ; 7.991  ; 7.961  ; 8.408  ; 8.378  ;
; A[0]       ; Seg[1]      ; 7.972  ; 7.945  ; 8.389  ; 8.362  ;
; A[0]       ; Seg[2]      ; 9.353  ; 9.362  ; 9.758  ; 9.779  ;
; A[0]       ; Seg[3]      ; 7.670  ; 7.715  ; 8.087  ; 8.132  ;
; A[0]       ; Seg[4]      ; 7.963  ; 8.044  ; 8.380  ; 8.449  ;
; A[0]       ; Seg[5]      ; 9.213  ; 9.331  ; 9.630  ; 9.736  ;
; A[0]       ; Seg[6]      ; 7.680  ; 7.641  ; 8.097  ; 8.058  ;
; A[0]       ; flag_n      ; 7.234  ; 7.258  ; 7.715  ; 7.684  ;
; A[0]       ; flag_z      ; 9.713  ; 9.619  ; 10.118 ; 10.036 ;
; A[1]       ; Seg[0]      ; 8.481  ; 8.440  ; 8.855  ; 8.814  ;
; A[1]       ; Seg[1]      ; 8.420  ; 8.413  ; 8.794  ; 8.787  ;
; A[1]       ; Seg[2]      ; 9.746  ; 9.937  ; 10.120 ; 10.311 ;
; A[1]       ; Seg[3]      ; 8.140  ; 8.176  ; 8.514  ; 8.550  ;
; A[1]       ; Seg[4]      ; 8.520  ; 8.452  ; 8.894  ; 8.826  ;
; A[1]       ; Seg[5]      ; 9.674  ; 9.745  ; 10.048 ; 10.119 ;
; A[1]       ; Seg[6]      ; 8.147  ; 8.133  ; 8.521  ; 8.507  ;
; A[1]       ; flag_n      ; 7.145  ; 7.169  ; 7.612  ; 7.581  ;
; A[1]       ; flag_z      ; 10.241 ; 10.126 ; 10.615 ; 10.500 ;
; A[2]       ; Seg[0]      ; 9.237  ; 9.206  ; 9.618  ; 9.587  ;
; A[2]       ; Seg[1]      ; 9.214  ; 9.205  ; 9.595  ; 9.617  ;
; A[2]       ; Seg[2]      ; 10.540 ; 10.606 ; 10.921 ; 10.987 ;
; A[2]       ; Seg[3]      ; 8.913  ; 8.956  ; 9.294  ; 9.337  ;
; A[2]       ; Seg[4]      ; 9.207  ; 9.232  ; 9.588  ; 9.613  ;
; A[2]       ; Seg[5]      ; 10.453 ; 10.490 ; 10.834 ; 10.871 ;
; A[2]       ; Seg[6]      ; 8.927  ; 8.887  ; 9.308  ; 9.268  ;
; A[2]       ; flag_n      ; 6.888  ; 6.912  ; 7.351  ; 7.320  ;
; A[2]       ; flag_z      ; 10.887 ; 10.857 ; 11.299 ; 11.238 ;
; A[3]       ; Seg[0]      ; 9.367  ; 9.350  ; 9.762  ; 9.745  ;
; A[3]       ; Seg[1]      ; 9.327  ; 9.322  ; 9.722  ; 9.717  ;
; A[3]       ; Seg[2]      ; 10.650 ; 10.811 ; 11.045 ; 11.206 ;
; A[3]       ; Seg[3]      ; 9.123  ; 9.082  ; 9.518  ; 9.477  ;
; A[3]       ; Seg[4]      ; 9.437  ; 9.344  ; 9.808  ; 9.739  ;
; A[3]       ; Seg[5]      ; 10.576 ; 10.649 ; 10.971 ; 11.044 ;
; A[3]       ; Seg[6]      ; 9.054  ; 9.052  ; 9.449  ; 9.447  ;
; A[3]       ; flag_n      ; 6.883  ; 6.923  ; 7.278  ; 7.294  ;
; A[3]       ; flag_z      ; 11.163 ; 11.028 ; 11.534 ; 11.423 ;
; B[0]       ; Seg[0]      ; 8.216  ; 8.186  ; 8.696  ; 8.694  ;
; B[0]       ; Seg[1]      ; 8.197  ; 8.170  ; 8.677  ; 8.678  ;
; B[0]       ; Seg[2]      ; 9.655  ; 9.587  ; 10.002 ; 10.100 ;
; B[0]       ; Seg[3]      ; 7.895  ; 7.940  ; 8.403  ; 8.417  ;
; B[0]       ; Seg[4]      ; 8.188  ; 8.346  ; 8.701  ; 8.693  ;
; B[0]       ; Seg[5]      ; 9.438  ; 9.633  ; 9.951  ; 9.980  ;
; B[0]       ; Seg[6]      ; 7.905  ; 7.866  ; 8.382  ; 8.372  ;
; B[0]       ; flag_n      ; 7.274  ; 7.298  ; 7.762  ; 7.731  ;
; B[0]       ; flag_z      ; 10.015 ; 9.844  ; 10.362 ; 10.357 ;
; B[1]       ; Seg[0]      ; 8.305  ; 8.264  ; 8.725  ; 8.684  ;
; B[1]       ; Seg[1]      ; 8.244  ; 8.237  ; 8.664  ; 8.657  ;
; B[1]       ; Seg[2]      ; 9.570  ; 9.761  ; 9.990  ; 10.172 ;
; B[1]       ; Seg[3]      ; 7.964  ; 8.000  ; 8.384  ; 8.420  ;
; B[1]       ; Seg[4]      ; 8.344  ; 8.276  ; 8.755  ; 8.696  ;
; B[1]       ; Seg[5]      ; 9.498  ; 9.569  ; 9.918  ; 9.989  ;
; B[1]       ; Seg[6]      ; 7.971  ; 7.957  ; 8.391  ; 8.377  ;
; B[1]       ; flag_n      ; 6.958  ; 6.982  ; 7.431  ; 7.400  ;
; B[1]       ; flag_z      ; 10.065 ; 9.950  ; 10.476 ; 10.370 ;
; B[2]       ; Seg[0]      ; 9.449  ; 9.432  ; 9.911  ; 9.875  ;
; B[2]       ; Seg[1]      ; 9.409  ; 9.404  ; 9.871  ; 9.857  ;
; B[2]       ; Seg[2]      ; 10.732 ; 10.852 ; 11.194 ; 11.276 ;
; B[2]       ; Seg[3]      ; 9.159  ; 9.164  ; 9.585  ; 9.626  ;
; B[2]       ; Seg[4]      ; 9.453  ; 9.426  ; 9.878  ; 9.888  ;
; B[2]       ; Seg[5]      ; 10.658 ; 10.731 ; 11.120 ; 11.157 ;
; B[2]       ; Seg[6]      ; 9.136  ; 9.133  ; 9.598  ; 9.554  ;
; B[2]       ; flag_n      ; 6.965  ; 6.989  ; 7.427  ; 7.396  ;
; B[2]       ; flag_z      ; 11.188 ; 11.103 ; 11.539 ; 11.546 ;
; B[3]       ; Seg[0]      ; 9.673  ; 9.656  ; 10.141 ; 10.124 ;
; B[3]       ; Seg[1]      ; 9.633  ; 9.628  ; 10.101 ; 10.096 ;
; B[3]       ; Seg[2]      ; 10.956 ; 11.117 ; 11.424 ; 11.585 ;
; B[3]       ; Seg[3]      ; 9.429  ; 9.388  ; 9.897  ; 9.856  ;
; B[3]       ; Seg[4]      ; 9.729  ; 9.650  ; 10.188 ; 10.118 ;
; B[3]       ; Seg[5]      ; 10.882 ; 10.955 ; 11.350 ; 11.423 ;
; B[3]       ; Seg[6]      ; 9.360  ; 9.358  ; 9.828  ; 9.826  ;
; B[3]       ; flag_n      ; 7.189  ; 7.215  ; 7.657  ; 7.674  ;
; B[3]       ; flag_z      ; 11.455 ; 11.334 ; 11.914 ; 11.802 ;
; op_sel[0]  ; Seg[0]      ; 7.687  ; 7.657  ; 8.081  ; 8.051  ;
; op_sel[0]  ; Seg[1]      ; 7.668  ; 7.641  ; 8.062  ; 8.035  ;
; op_sel[0]  ; Seg[2]      ; 9.040  ; 9.058  ; 9.465  ; 9.452  ;
; op_sel[0]  ; Seg[3]      ; 7.366  ; 7.411  ; 7.760  ; 7.805  ;
; op_sel[0]  ; Seg[4]      ; 7.659  ; 7.731  ; 8.053  ; 8.156  ;
; op_sel[0]  ; Seg[5]      ; 8.909  ; 9.018  ; 9.303  ; 9.443  ;
; op_sel[0]  ; Seg[6]      ; 7.376  ; 7.337  ; 7.770  ; 7.731  ;
; op_sel[0]  ; flag_n      ; 6.108  ; 6.094  ; 6.507  ; 6.525  ;
; op_sel[0]  ; flag_z      ; 9.400  ; 9.315  ; 9.825  ; 9.709  ;
; op_sel[1]  ; Seg[0]      ; 7.985  ; 7.955  ; 8.421  ; 8.391  ;
; op_sel[1]  ; Seg[1]      ; 7.966  ; 7.939  ; 8.402  ; 8.375  ;
; op_sel[1]  ; Seg[2]      ; 9.340  ; 9.356  ; 9.767  ; 9.792  ;
; op_sel[1]  ; Seg[3]      ; 7.664  ; 7.709  ; 8.100  ; 8.145  ;
; op_sel[1]  ; Seg[4]      ; 7.957  ; 8.031  ; 8.393  ; 8.458  ;
; op_sel[1]  ; Seg[5]      ; 9.207  ; 9.318  ; 9.643  ; 9.745  ;
; op_sel[1]  ; Seg[6]      ; 7.674  ; 7.635  ; 8.110  ; 8.071  ;
; op_sel[1]  ; flag_n      ; 6.407  ; 6.397  ; 6.842  ; 6.823  ;
; op_sel[1]  ; flag_z      ; 9.700  ; 9.613  ; 10.127 ; 10.049 ;
+------------+-------------+--------+--------+--------+--------+


----------------------------------------------
; Slow 1200mV 85C Model Metastability Report ;
----------------------------------------------
No synchronizer chains to report.


-------------------------------------
; Slow 1200mV 0C Model Fmax Summary ;
-------------------------------------
No paths to report.


--------------------------------------
; Slow 1200mV 0C Model Setup Summary ;
--------------------------------------
No paths to report.


-------------------------------------
; Slow 1200mV 0C Model Hold Summary ;
-------------------------------------
No paths to report.


-----------------------------------------
; Slow 1200mV 0C Model Recovery Summary ;
-----------------------------------------
No paths to report.


----------------------------------------
; Slow 1200mV 0C Model Removal Summary ;
----------------------------------------
No paths to report.


----------------------------------------------------
; Slow 1200mV 0C Model Minimum Pulse Width Summary ;
----------------------------------------------------
No paths to report.


+--------------------------------------------------------------+
; Propagation Delay                                            ;
+------------+-------------+--------+--------+--------+--------+
; Input Port ; Output Port ; RR     ; RF     ; FR     ; FF     ;
+------------+-------------+--------+--------+--------+--------+
; A[0]       ; Seg[0]      ; 9.315  ; 9.281  ; 9.715  ; 9.698  ;
; A[0]       ; Seg[1]      ; 9.264  ; 9.250  ; 9.687  ; 9.626  ;
; A[0]       ; Seg[2]      ; 10.599 ; 10.565 ; 10.975 ; 10.988 ;
; A[0]       ; Seg[3]      ; 9.019  ; 9.086  ; 9.442  ; 9.462  ;
; A[0]       ; Seg[4]      ; 9.264  ; 9.280  ; 9.640  ; 9.703  ;
; A[0]       ; Seg[5]      ; 10.569 ; 10.576 ; 10.945 ; 10.999 ;
; A[0]       ; Seg[6]      ; 9.033  ; 8.987  ; 9.409  ; 9.410  ;
; A[0]       ; flag_n      ; 6.887  ; 6.884  ; 7.310  ; 7.260  ;
; A[0]       ; flag_z      ; 10.855 ; 10.875 ; 11.231 ; 11.298 ;
; A[1]       ; Seg[0]      ; 9.220  ; 9.186  ; 9.587  ; 9.570  ;
; A[1]       ; Seg[1]      ; 9.169  ; 9.155  ; 9.559  ; 9.498  ;
; A[1]       ; Seg[2]      ; 10.504 ; 10.470 ; 10.847 ; 10.860 ;
; A[1]       ; Seg[3]      ; 8.924  ; 8.991  ; 9.314  ; 9.334  ;
; A[1]       ; Seg[4]      ; 9.169  ; 9.185  ; 9.512  ; 9.575  ;
; A[1]       ; Seg[5]      ; 10.474 ; 10.481 ; 10.817 ; 10.871 ;
; A[1]       ; Seg[6]      ; 8.938  ; 8.892  ; 9.281  ; 9.282  ;
; A[1]       ; flag_n      ; 6.792  ; 6.789  ; 7.182  ; 7.132  ;
; A[1]       ; flag_z      ; 10.760 ; 10.780 ; 11.103 ; 11.170 ;
; A[2]       ; Seg[0]      ; 8.970  ; 8.936  ; 9.343  ; 9.326  ;
; A[2]       ; Seg[1]      ; 8.919  ; 8.905  ; 9.315  ; 9.254  ;
; A[2]       ; Seg[2]      ; 10.254 ; 10.220 ; 10.603 ; 10.616 ;
; A[2]       ; Seg[3]      ; 8.674  ; 8.741  ; 9.070  ; 9.090  ;
; A[2]       ; Seg[4]      ; 8.919  ; 8.935  ; 9.268  ; 9.331  ;
; A[2]       ; Seg[5]      ; 10.224 ; 10.231 ; 10.573 ; 10.627 ;
; A[2]       ; Seg[6]      ; 8.688  ; 8.642  ; 9.037  ; 9.038  ;
; A[2]       ; flag_n      ; 6.542  ; 6.539  ; 6.938  ; 6.888  ;
; A[2]       ; flag_z      ; 10.510 ; 10.530 ; 10.859 ; 10.926 ;
; A[3]       ; Seg[0]      ; 9.111  ; 9.094  ; 9.460  ; 9.443  ;
; A[3]       ; Seg[1]      ; 9.083  ; 9.029  ; 9.432  ; 9.378  ;
; A[3]       ; Seg[2]      ; 10.378 ; 10.384 ; 10.727 ; 10.733 ;
; A[3]       ; Seg[3]      ; 8.838  ; 8.865  ; 9.187  ; 9.214  ;
; A[3]       ; Seg[4]      ; 9.043  ; 9.099  ; 9.392  ; 9.448  ;
; A[3]       ; Seg[5]      ; 10.348 ; 10.395 ; 10.697 ; 10.744 ;
; A[3]       ; Seg[6]      ; 8.812  ; 8.806  ; 9.161  ; 9.155  ;
; A[3]       ; flag_n      ; 6.706  ; 6.663  ; 7.055  ; 7.012  ;
; A[3]       ; flag_z      ; 10.634 ; 10.694 ; 10.983 ; 11.043 ;
; B[0]       ; Seg[0]      ; 9.342  ; 9.308  ; 9.719  ; 9.702  ;
; B[0]       ; Seg[1]      ; 9.291  ; 9.277  ; 9.691  ; 9.630  ;
; B[0]       ; Seg[2]      ; 10.626 ; 10.592 ; 10.979 ; 10.992 ;
; B[0]       ; Seg[3]      ; 9.046  ; 9.113  ; 9.446  ; 9.466  ;
; B[0]       ; Seg[4]      ; 9.291  ; 9.307  ; 9.644  ; 9.707  ;
; B[0]       ; Seg[5]      ; 10.596 ; 10.603 ; 10.949 ; 11.003 ;
; B[0]       ; Seg[6]      ; 9.060  ; 9.014  ; 9.413  ; 9.414  ;
; B[0]       ; flag_n      ; 6.914  ; 6.911  ; 7.314  ; 7.264  ;
; B[0]       ; flag_z      ; 10.882 ; 10.902 ; 11.235 ; 11.302 ;
; B[1]       ; Seg[0]      ; 9.078  ; 9.044  ; 9.469  ; 9.452  ;
; B[1]       ; Seg[1]      ; 9.027  ; 9.013  ; 9.441  ; 9.380  ;
; B[1]       ; Seg[2]      ; 10.362 ; 10.328 ; 10.729 ; 10.742 ;
; B[1]       ; Seg[3]      ; 8.782  ; 8.849  ; 9.196  ; 9.216  ;
; B[1]       ; Seg[4]      ; 9.027  ; 9.043  ; 9.394  ; 9.457  ;
; B[1]       ; Seg[5]      ; 10.332 ; 10.339 ; 10.699 ; 10.753 ;
; B[1]       ; Seg[6]      ; 8.796  ; 8.750  ; 9.163  ; 9.164  ;
; B[1]       ; flag_n      ; 6.650  ; 6.647  ; 7.064  ; 7.014  ;
; B[1]       ; flag_z      ; 10.618 ; 10.638 ; 10.985 ; 11.052 ;
; B[2]       ; Seg[0]      ; 9.205  ; 9.158  ; 9.537  ; 9.490  ;
; B[2]       ; Seg[1]      ; 9.185  ; 9.029  ; 9.517  ; 9.375  ;
; B[2]       ; Seg[2]      ; 10.457 ; 10.431 ; 10.789 ; 10.763 ;
; B[2]       ; Seg[3]      ; 8.879  ; 8.941  ; 9.211  ; 9.273  ;
; B[2]       ; Seg[4]      ; 9.143  ; 9.200  ; 9.475  ; 9.532  ;
; B[2]       ; Seg[5]      ; 10.433 ; 10.444 ; 10.765 ; 10.776 ;
; B[2]       ; Seg[6]      ; 8.913  ; 8.855  ; 9.245  ; 9.187  ;
; B[2]       ; flag_n      ; 6.666  ; 6.663  ; 7.059  ; 7.009  ;
; B[2]       ; flag_z      ; 10.634 ; 10.772 ; 10.980 ; 11.104 ;
; B[3]       ; Seg[0]      ; 9.344  ; 9.327  ; 9.718  ; 9.701  ;
; B[3]       ; Seg[1]      ; 9.316  ; 9.262  ; 9.690  ; 9.644  ;
; B[3]       ; Seg[2]      ; 10.611 ; 10.617 ; 10.993 ; 10.991 ;
; B[3]       ; Seg[3]      ; 9.071  ; 9.098  ; 9.445  ; 9.480  ;
; B[3]       ; Seg[4]      ; 9.276  ; 9.332  ; 9.658  ; 9.706  ;
; B[3]       ; Seg[5]      ; 10.581 ; 10.628 ; 10.963 ; 11.002 ;
; B[3]       ; Seg[6]      ; 9.045  ; 9.039  ; 9.427  ; 9.413  ;
; B[3]       ; flag_n      ; 6.939  ; 6.896  ; 7.313  ; 7.278  ;
; B[3]       ; flag_z      ; 10.867 ; 10.927 ; 11.249 ; 11.301 ;
; op_sel[0]  ; Seg[0]      ; 8.825  ; 8.778  ; 9.174  ; 9.127  ;
; op_sel[0]  ; Seg[1]      ; 8.805  ; 8.657  ; 9.154  ; 9.043  ;
; op_sel[0]  ; Seg[2]      ; 10.077 ; 10.051 ; 10.426 ; 10.400 ;
; op_sel[0]  ; Seg[3]      ; 8.499  ; 8.561  ; 8.852  ; 8.910  ;
; op_sel[0]  ; Seg[4]      ; 8.763  ; 8.820  ; 9.112  ; 9.169  ;
; op_sel[0]  ; Seg[5]      ; 10.053 ; 10.064 ; 10.402 ; 10.413 ;
; op_sel[0]  ; Seg[6]      ; 8.533  ; 8.475  ; 8.882  ; 8.824  ;
; op_sel[0]  ; flag_n      ; 6.332  ; 6.291  ; 6.720  ; 6.677  ;
; op_sel[0]  ; flag_z      ; 10.262 ; 10.392 ; 10.648 ; 10.741 ;
; op_sel[1]  ; Seg[0]      ; 9.252  ; 9.235  ; 9.628  ; 9.611  ;
; op_sel[1]  ; Seg[1]      ; 9.224  ; 9.175  ; 9.600  ; 9.546  ;
; op_sel[1]  ; Seg[2]      ; 10.524 ; 10.525 ; 10.895 ; 10.901 ;
; op_sel[1]  ; Seg[3]      ; 8.979  ; 9.011  ; 9.355  ; 9.382  ;
; op_sel[1]  ; Seg[4]      ; 9.189  ; 9.240  ; 9.560  ; 9.616  ;
; op_sel[1]  ; Seg[5]      ; 10.494 ; 10.536 ; 10.865 ; 10.912 ;
; op_sel[1]  ; Seg[6]      ; 8.958  ; 8.947  ; 9.329  ; 9.323  ;
; op_sel[1]  ; flag_n      ; 6.847  ; 6.809  ; 7.223  ; 7.180  ;
; op_sel[1]  ; flag_z      ; 10.780 ; 10.835 ; 11.151 ; 11.211 ;
+------------+-------------+--------+--------+--------+--------+


+--------------------------------------------------------------+
; Minimum Propagation Delay                                    ;
+------------+-------------+--------+--------+--------+--------+
; Input Port ; Output Port ; RR     ; RF     ; FR     ; FF     ;
+------------+-------------+--------+--------+--------+--------+
; A[0]       ; Seg[0]      ; 7.396  ; 7.351  ; 7.745  ; 7.714  ;
; A[0]       ; Seg[1]      ; 7.382  ; 7.327  ; 7.732  ; 7.690  ;
; A[0]       ; Seg[2]      ; 8.605  ; 8.576  ; 8.954  ; 8.939  ;
; A[0]       ; Seg[3]      ; 7.087  ; 7.148  ; 7.450  ; 7.497  ;
; A[0]       ; Seg[4]      ; 7.340  ; 7.397  ; 7.703  ; 7.746  ;
; A[0]       ; Seg[5]      ; 8.633  ; 8.669  ; 8.996  ; 9.018  ;
; A[0]       ; Seg[6]      ; 7.114  ; 7.060  ; 7.463  ; 7.423  ;
; A[0]       ; flag_n      ; 6.699  ; 6.696  ; 7.104  ; 7.055  ;
; A[0]       ; flag_z      ; 8.892  ; 8.910  ; 9.241  ; 9.273  ;
; A[1]       ; Seg[0]      ; 7.859  ; 7.810  ; 8.175  ; 8.126  ;
; A[1]       ; Seg[1]      ; 7.808  ; 7.777  ; 8.124  ; 8.093  ;
; A[1]       ; Seg[2]      ; 9.031  ; 9.066  ; 9.347  ; 9.385  ;
; A[1]       ; Seg[3]      ; 7.541  ; 7.592  ; 7.857  ; 7.908  ;
; A[1]       ; Seg[4]      ; 7.811  ; 7.837  ; 8.130  ; 8.153  ;
; A[1]       ; Seg[5]      ; 9.074  ; 9.104  ; 9.390  ; 9.423  ;
; A[1]       ; Seg[6]      ; 7.563  ; 7.524  ; 7.879  ; 7.842  ;
; A[1]       ; flag_n      ; 6.621  ; 6.618  ; 7.002  ; 6.953  ;
; A[1]       ; flag_z      ; 9.386  ; 9.390  ; 9.705  ; 9.706  ;
; A[2]       ; Seg[0]      ; 8.462  ; 8.411  ; 8.814  ; 8.763  ;
; A[2]       ; Seg[1]      ; 8.539  ; 8.383  ; 8.863  ; 8.735  ;
; A[2]       ; Seg[2]      ; 9.667  ; 9.634  ; 10.019 ; 9.986  ;
; A[2]       ; Seg[3]      ; 8.147  ; 8.214  ; 8.499  ; 8.566  ;
; A[2]       ; Seg[4]      ; 8.397  ; 8.459  ; 8.749  ; 8.811  ;
; A[2]       ; Seg[5]      ; 9.694  ; 9.700  ; 10.046 ; 10.052 ;
; A[2]       ; Seg[6]      ; 8.183  ; 8.120  ; 8.535  ; 8.472  ;
; A[2]       ; flag_n      ; 6.382  ; 6.379  ; 6.767  ; 6.718  ;
; A[2]       ; flag_z      ; 9.922  ; 10.064 ; 10.274 ; 10.388 ;
; A[3]       ; Seg[0]      ; 8.667  ; 8.633  ; 9.003  ; 8.952  ;
; A[3]       ; Seg[1]      ; 8.629  ; 8.599  ; 8.967  ; 8.927  ;
; A[3]       ; Seg[2]      ; 9.851  ; 9.856  ; 10.189 ; 10.175 ;
; A[3]       ; Seg[3]      ; 8.370  ; 8.413  ; 8.689  ; 8.751  ;
; A[3]       ; Seg[4]      ; 8.617  ; 8.645  ; 8.936  ; 8.983  ;
; A[3]       ; Seg[5]      ; 9.891  ; 9.913  ; 10.229 ; 10.232 ;
; A[3]       ; Seg[6]      ; 8.386  ; 8.348  ; 8.724  ; 8.667  ;
; A[3]       ; flag_n      ; 6.380  ; 6.386  ; 6.718  ; 6.705  ;
; A[3]       ; flag_z      ; 10.196 ; 10.208 ; 10.515 ; 10.546 ;
; B[0]       ; Seg[0]      ; 7.604  ; 7.559  ; 7.945  ; 7.926  ;
; B[0]       ; Seg[1]      ; 7.590  ; 7.535  ; 7.932  ; 7.903  ;
; B[0]       ; Seg[2]      ; 8.877  ; 8.784  ; 9.154  ; 9.205  ;
; B[0]       ; Seg[3]      ; 7.295  ; 7.358  ; 7.662  ; 7.697  ;
; B[0]       ; Seg[4]      ; 7.548  ; 7.669  ; 7.969  ; 7.946  ;
; B[0]       ; Seg[5]      ; 8.841  ; 8.941  ; 9.262  ; 9.218  ;
; B[0]       ; Seg[6]      ; 7.325  ; 7.268  ; 7.663  ; 7.633  ;
; B[0]       ; flag_n      ; 6.739  ; 6.736  ; 7.130  ; 7.081  ;
; B[0]       ; flag_z      ; 9.164  ; 9.118  ; 9.441  ; 9.539  ;
; B[1]       ; Seg[0]      ; 7.691  ; 7.642  ; 8.048  ; 7.999  ;
; B[1]       ; Seg[1]      ; 7.640  ; 7.609  ; 7.997  ; 7.966  ;
; B[1]       ; Seg[2]      ; 8.863  ; 8.901  ; 9.220  ; 9.252  ;
; B[1]       ; Seg[3]      ; 7.373  ; 7.424  ; 7.730  ; 7.781  ;
; B[1]       ; Seg[4]      ; 7.646  ; 7.669  ; 7.997  ; 8.026  ;
; B[1]       ; Seg[5]      ; 8.906  ; 8.939  ; 9.263  ; 9.290  ;
; B[1]       ; Seg[6]      ; 7.395  ; 7.358  ; 7.752  ; 7.710  ;
; B[1]       ; flag_n      ; 6.441  ; 6.438  ; 6.838  ; 6.789  ;
; B[1]       ; flag_z      ; 9.221  ; 9.222  ; 9.572  ; 9.579  ;
; B[2]       ; Seg[0]      ; 8.742  ; 8.699  ; 9.022  ; 8.971  ;
; B[2]       ; Seg[1]      ; 8.704  ; 8.674  ; 9.064  ; 8.943  ;
; B[2]       ; Seg[2]      ; 9.926  ; 9.922  ; 10.227 ; 10.194 ;
; B[2]       ; Seg[3]      ; 8.436  ; 8.488  ; 8.707  ; 8.774  ;
; B[2]       ; Seg[4]      ; 8.683  ; 8.720  ; 8.957  ; 9.019  ;
; B[2]       ; Seg[5]      ; 9.966  ; 9.979  ; 10.254 ; 10.260 ;
; B[2]       ; Seg[6]      ; 8.461  ; 8.411  ; 8.743  ; 8.680  ;
; B[2]       ; flag_n      ; 6.455  ; 6.452  ; 6.832  ; 6.783  ;
; B[2]       ; flag_z      ; 10.213 ; 10.283 ; 10.482 ; 10.658 ;
; B[3]       ; Seg[0]      ; 8.955  ; 8.908  ; 9.326  ; 9.275  ;
; B[3]       ; Seg[1]      ; 8.917  ; 8.883  ; 9.290  ; 9.250  ;
; B[3]       ; Seg[2]      ; 10.139 ; 10.131 ; 10.512 ; 10.498 ;
; B[3]       ; Seg[3]      ; 8.645  ; 8.701  ; 9.012  ; 9.074  ;
; B[3]       ; Seg[4]      ; 8.892  ; 8.933  ; 9.259  ; 9.306  ;
; B[3]       ; Seg[5]      ; 10.179 ; 10.188 ; 10.552 ; 10.555 ;
; B[3]       ; Seg[6]      ; 8.674  ; 8.623  ; 9.047  ; 8.990  ;
; B[3]       ; flag_n      ; 6.668  ; 6.661  ; 7.041  ; 7.028  ;
; B[3]       ; flag_z      ; 10.471 ; 10.496 ; 10.838 ; 10.869 ;
; op_sel[0]  ; Seg[0]      ; 7.092  ; 7.059  ; 7.455  ; 7.410  ;
; op_sel[0]  ; Seg[1]      ; 7.079  ; 7.035  ; 7.441  ; 7.386  ;
; op_sel[0]  ; Seg[2]      ; 8.301  ; 8.284  ; 8.680  ; 8.635  ;
; op_sel[0]  ; Seg[3]      ; 6.795  ; 6.844  ; 7.146  ; 7.209  ;
; op_sel[0]  ; Seg[4]      ; 7.048  ; 7.093  ; 7.399  ; 7.472  ;
; op_sel[0]  ; Seg[5]      ; 8.341  ; 8.365  ; 8.692  ; 8.744  ;
; op_sel[0]  ; Seg[6]      ; 6.810  ; 6.768  ; 7.176  ; 7.119  ;
; op_sel[0]  ; flag_n      ; 5.665  ; 5.628  ; 6.018  ; 6.010  ;
; op_sel[0]  ; flag_z      ; 8.588  ; 8.618  ; 8.967  ; 8.969  ;
; op_sel[1]  ; Seg[0]      ; 7.389  ; 7.354  ; 7.740  ; 7.711  ;
; op_sel[1]  ; Seg[1]      ; 7.376  ; 7.330  ; 7.727  ; 7.687  ;
; op_sel[1]  ; Seg[2]      ; 8.598  ; 8.579  ; 8.949  ; 8.936  ;
; op_sel[1]  ; Seg[3]      ; 7.090  ; 7.141  ; 7.447  ; 7.492  ;
; op_sel[1]  ; Seg[4]      ; 7.343  ; 7.390  ; 7.700  ; 7.741  ;
; op_sel[1]  ; Seg[5]      ; 8.636  ; 8.662  ; 8.993  ; 9.013  ;
; op_sel[1]  ; Seg[6]      ; 7.107  ; 7.063  ; 7.458  ; 7.420  ;
; op_sel[1]  ; flag_n      ; 5.957  ; 5.924  ; 6.315  ; 6.276  ;
; op_sel[1]  ; flag_z      ; 8.885  ; 8.913  ; 9.236  ; 9.270  ;
+------------+-------------+--------+--------+--------+--------+


---------------------------------------------
; Slow 1200mV 0C Model Metastability Report ;
---------------------------------------------
No synchronizer chains to report.


--------------------------------------
; Fast 1200mV 0C Model Setup Summary ;
--------------------------------------
No paths to report.


-------------------------------------
; Fast 1200mV 0C Model Hold Summary ;
-------------------------------------
No paths to report.


-----------------------------------------
; Fast 1200mV 0C Model Recovery Summary ;
-----------------------------------------
No paths to report.


----------------------------------------
; Fast 1200mV 0C Model Removal Summary ;
----------------------------------------
No paths to report.


----------------------------------------------------
; Fast 1200mV 0C Model Minimum Pulse Width Summary ;
----------------------------------------------------
No paths to report.


+----------------------------------------------------------+
; Propagation Delay                                        ;
+------------+-------------+-------+-------+-------+-------+
; Input Port ; Output Port ; RR    ; RF    ; FR    ; FF    ;
+------------+-------------+-------+-------+-------+-------+
; A[0]       ; Seg[0]      ; 6.009 ; 6.066 ; 6.612 ; 6.669 ;
; A[0]       ; Seg[1]      ; 5.972 ; 6.043 ; 6.575 ; 6.646 ;
; A[0]       ; Seg[2]      ; 6.862 ; 6.976 ; 7.465 ; 7.579 ;
; A[0]       ; Seg[3]      ; 5.857 ; 5.867 ; 6.460 ; 6.470 ;
; A[0]       ; Seg[4]      ; 6.060 ; 5.778 ; 6.663 ; 6.421 ;
; A[0]       ; Seg[5]      ; 6.911 ; 6.952 ; 7.514 ; 7.555 ;
; A[0]       ; Seg[6]      ; 5.834 ; 5.827 ; 6.437 ; 6.430 ;
; A[0]       ; flag_n      ; 4.336 ; 4.420 ; 4.979 ; 5.023 ;
; A[0]       ; flag_z      ; 7.193 ; 6.759 ; 7.796 ; 7.402 ;
; A[1]       ; Seg[0]      ; 5.939 ; 5.996 ; 6.517 ; 6.574 ;
; A[1]       ; Seg[1]      ; 5.902 ; 5.973 ; 6.480 ; 6.551 ;
; A[1]       ; Seg[2]      ; 6.792 ; 6.906 ; 7.370 ; 7.484 ;
; A[1]       ; Seg[3]      ; 5.787 ; 5.797 ; 6.365 ; 6.375 ;
; A[1]       ; Seg[4]      ; 5.990 ; 5.708 ; 6.568 ; 6.326 ;
; A[1]       ; Seg[5]      ; 6.841 ; 6.882 ; 7.419 ; 7.460 ;
; A[1]       ; Seg[6]      ; 5.764 ; 5.757 ; 6.342 ; 6.335 ;
; A[1]       ; flag_n      ; 4.266 ; 4.350 ; 4.884 ; 4.928 ;
; A[1]       ; flag_z      ; 7.123 ; 6.689 ; 7.701 ; 7.307 ;
; A[2]       ; Seg[0]      ; 5.793 ; 5.850 ; 6.374 ; 6.431 ;
; A[2]       ; Seg[1]      ; 5.756 ; 5.827 ; 6.337 ; 6.408 ;
; A[2]       ; Seg[2]      ; 6.646 ; 6.760 ; 7.227 ; 7.341 ;
; A[2]       ; Seg[3]      ; 5.641 ; 5.651 ; 6.222 ; 6.232 ;
; A[2]       ; Seg[4]      ; 5.844 ; 5.672 ; 6.425 ; 6.246 ;
; A[2]       ; Seg[5]      ; 6.695 ; 6.736 ; 7.276 ; 7.317 ;
; A[2]       ; Seg[6]      ; 5.618 ; 5.611 ; 6.199 ; 6.192 ;
; A[2]       ; flag_n      ; 4.120 ; 4.204 ; 4.741 ; 4.785 ;
; A[2]       ; flag_z      ; 6.977 ; 6.543 ; 7.558 ; 7.164 ;
; A[3]       ; Seg[0]      ; 5.879 ; 5.936 ; 6.452 ; 6.509 ;
; A[3]       ; Seg[1]      ; 5.842 ; 5.913 ; 6.415 ; 6.486 ;
; A[3]       ; Seg[2]      ; 6.732 ; 6.846 ; 7.305 ; 7.419 ;
; A[3]       ; Seg[3]      ; 5.727 ; 5.737 ; 6.300 ; 6.310 ;
; A[3]       ; Seg[4]      ; 5.930 ; 5.681 ; 6.503 ; 6.254 ;
; A[3]       ; Seg[5]      ; 6.781 ; 6.822 ; 7.354 ; 7.395 ;
; A[3]       ; Seg[6]      ; 5.704 ; 5.697 ; 6.277 ; 6.270 ;
; A[3]       ; flag_n      ; 4.239 ; 4.290 ; 4.812 ; 4.863 ;
; A[3]       ; flag_z      ; 7.063 ; 6.662 ; 7.636 ; 7.235 ;
; B[0]       ; Seg[0]      ; 6.021 ; 6.078 ; 6.630 ; 6.687 ;
; B[0]       ; Seg[1]      ; 5.984 ; 6.055 ; 6.593 ; 6.664 ;
; B[0]       ; Seg[2]      ; 6.874 ; 6.988 ; 7.483 ; 7.597 ;
; B[0]       ; Seg[3]      ; 5.869 ; 5.879 ; 6.478 ; 6.488 ;
; B[0]       ; Seg[4]      ; 6.072 ; 5.790 ; 6.681 ; 6.439 ;
; B[0]       ; Seg[5]      ; 6.923 ; 6.964 ; 7.532 ; 7.573 ;
; B[0]       ; Seg[6]      ; 5.846 ; 5.839 ; 6.455 ; 6.448 ;
; B[0]       ; flag_n      ; 4.348 ; 4.432 ; 4.997 ; 5.041 ;
; B[0]       ; flag_z      ; 7.205 ; 6.771 ; 7.814 ; 7.420 ;
; B[1]       ; Seg[0]      ; 5.851 ; 5.908 ; 6.429 ; 6.486 ;
; B[1]       ; Seg[1]      ; 5.814 ; 5.885 ; 6.392 ; 6.463 ;
; B[1]       ; Seg[2]      ; 6.704 ; 6.818 ; 7.282 ; 7.396 ;
; B[1]       ; Seg[3]      ; 5.699 ; 5.709 ; 6.277 ; 6.287 ;
; B[1]       ; Seg[4]      ; 5.902 ; 5.620 ; 6.480 ; 6.238 ;
; B[1]       ; Seg[5]      ; 6.753 ; 6.794 ; 7.331 ; 7.372 ;
; B[1]       ; Seg[6]      ; 5.676 ; 5.669 ; 6.254 ; 6.247 ;
; B[1]       ; flag_n      ; 4.178 ; 4.262 ; 4.796 ; 4.840 ;
; B[1]       ; flag_z      ; 7.035 ; 6.601 ; 7.613 ; 7.219 ;
; B[2]       ; Seg[0]      ; 5.874 ; 5.931 ; 6.458 ; 6.515 ;
; B[2]       ; Seg[1]      ; 5.837 ; 5.908 ; 6.421 ; 6.492 ;
; B[2]       ; Seg[2]      ; 6.727 ; 6.841 ; 7.311 ; 7.425 ;
; B[2]       ; Seg[3]      ; 5.722 ; 5.732 ; 6.306 ; 6.316 ;
; B[2]       ; Seg[4]      ; 5.925 ; 5.844 ; 6.509 ; 6.433 ;
; B[2]       ; Seg[5]      ; 6.776 ; 6.823 ; 7.360 ; 7.412 ;
; B[2]       ; Seg[6]      ; 5.699 ; 5.692 ; 6.283 ; 6.276 ;
; B[2]       ; flag_n      ; 4.201 ; 4.285 ; 4.825 ; 4.869 ;
; B[2]       ; flag_z      ; 7.058 ; 6.668 ; 7.642 ; 7.257 ;
; B[3]       ; Seg[0]      ; 6.047 ; 6.104 ; 6.666 ; 6.723 ;
; B[3]       ; Seg[1]      ; 6.010 ; 6.081 ; 6.629 ; 6.700 ;
; B[3]       ; Seg[2]      ; 6.900 ; 7.014 ; 7.519 ; 7.633 ;
; B[3]       ; Seg[3]      ; 5.895 ; 5.905 ; 6.514 ; 6.524 ;
; B[3]       ; Seg[4]      ; 6.098 ; 5.849 ; 6.717 ; 6.468 ;
; B[3]       ; Seg[5]      ; 6.949 ; 6.990 ; 7.568 ; 7.609 ;
; B[3]       ; Seg[6]      ; 5.872 ; 5.865 ; 6.491 ; 6.484 ;
; B[3]       ; flag_n      ; 4.407 ; 4.458 ; 5.026 ; 5.077 ;
; B[3]       ; flag_z      ; 7.231 ; 6.830 ; 7.850 ; 7.449 ;
; op_sel[0]  ; Seg[0]      ; 5.657 ; 5.714 ; 6.220 ; 6.277 ;
; op_sel[0]  ; Seg[1]      ; 5.620 ; 5.691 ; 6.183 ; 6.254 ;
; op_sel[0]  ; Seg[2]      ; 6.510 ; 6.624 ; 7.073 ; 7.187 ;
; op_sel[0]  ; Seg[3]      ; 5.505 ; 5.515 ; 6.068 ; 6.078 ;
; op_sel[0]  ; Seg[4]      ; 5.708 ; 5.629 ; 6.271 ; 6.180 ;
; op_sel[0]  ; Seg[5]      ; 6.559 ; 6.608 ; 7.122 ; 7.163 ;
; op_sel[0]  ; Seg[6]      ; 5.482 ; 5.475 ; 6.045 ; 6.038 ;
; op_sel[0]  ; flag_n      ; 4.017 ; 4.068 ; 4.580 ; 4.631 ;
; op_sel[0]  ; flag_z      ; 6.841 ; 6.453 ; 7.404 ; 7.003 ;
; op_sel[1]  ; Seg[0]      ; 5.973 ; 6.030 ; 6.577 ; 6.634 ;
; op_sel[1]  ; Seg[1]      ; 5.936 ; 6.007 ; 6.540 ; 6.611 ;
; op_sel[1]  ; Seg[2]      ; 6.826 ; 6.940 ; 7.430 ; 7.544 ;
; op_sel[1]  ; Seg[3]      ; 5.821 ; 5.831 ; 6.425 ; 6.435 ;
; op_sel[1]  ; Seg[4]      ; 6.024 ; 5.775 ; 6.628 ; 6.379 ;
; op_sel[1]  ; Seg[5]      ; 6.875 ; 6.916 ; 7.479 ; 7.520 ;
; op_sel[1]  ; Seg[6]      ; 5.798 ; 5.791 ; 6.402 ; 6.395 ;
; op_sel[1]  ; flag_n      ; 4.333 ; 4.384 ; 4.937 ; 4.988 ;
; op_sel[1]  ; flag_z      ; 7.157 ; 6.756 ; 7.761 ; 7.360 ;
+------------+-------------+-------+-------+-------+-------+


+----------------------------------------------------------+
; Minimum Propagation Delay                                ;
+------------+-------------+-------+-------+-------+-------+
; Input Port ; Output Port ; RR    ; RF    ; FR    ; FF    ;
+------------+-------------+-------+-------+-------+-------+
; A[0]       ; Seg[0]      ; 4.641 ; 4.689 ; 5.212 ; 5.260 ;
; A[0]       ; Seg[1]      ; 4.635 ; 4.675 ; 5.206 ; 5.246 ;
; A[0]       ; Seg[2]      ; 5.544 ; 5.586 ; 6.105 ; 6.157 ;
; A[0]       ; Seg[3]      ; 4.509 ; 4.483 ; 5.080 ; 5.054 ;
; A[0]       ; Seg[4]      ; 4.684 ; 4.740 ; 5.255 ; 5.301 ;
; A[0]       ; Seg[5]      ; 5.528 ; 5.748 ; 6.099 ; 6.309 ;
; A[0]       ; Seg[6]      ; 4.464 ; 4.489 ; 5.035 ; 5.060 ;
; A[0]       ; flag_n      ; 4.215 ; 4.294 ; 4.841 ; 4.884 ;
; A[0]       ; flag_z      ; 5.904 ; 5.572 ; 6.465 ; 6.143 ;
; A[1]       ; Seg[0]      ; 4.901 ; 4.939 ; 5.435 ; 5.473 ;
; A[1]       ; Seg[1]      ; 4.871 ; 4.920 ; 5.405 ; 5.454 ;
; A[1]       ; Seg[2]      ; 5.677 ; 5.998 ; 6.211 ; 6.532 ;
; A[1]       ; Seg[3]      ; 4.755 ; 4.725 ; 5.289 ; 5.259 ;
; A[1]       ; Seg[4]      ; 5.081 ; 4.883 ; 5.615 ; 5.417 ;
; A[1]       ; Seg[5]      ; 5.771 ; 5.886 ; 6.305 ; 6.420 ;
; A[1]       ; Seg[6]      ; 4.712 ; 4.750 ; 5.246 ; 5.284 ;
; A[1]       ; flag_n      ; 4.155 ; 4.234 ; 4.765 ; 4.808 ;
; A[1]       ; flag_z      ; 6.210 ; 5.843 ; 6.744 ; 6.377 ;
; A[2]       ; Seg[0]      ; 5.289 ; 5.341 ; 5.838 ; 5.890 ;
; A[2]       ; Seg[1]      ; 5.279 ; 5.421 ; 5.828 ; 6.033 ;
; A[2]       ; Seg[2]      ; 6.084 ; 6.235 ; 6.633 ; 6.784 ;
; A[2]       ; Seg[3]      ; 5.158 ; 5.127 ; 5.707 ; 5.676 ;
; A[2]       ; Seg[4]      ; 5.333 ; 5.285 ; 5.882 ; 5.834 ;
; A[2]       ; Seg[5]      ; 6.172 ; 6.273 ; 6.721 ; 6.822 ;
; A[2]       ; Seg[6]      ; 5.113 ; 5.142 ; 5.662 ; 5.691 ;
; A[2]       ; flag_n      ; 4.015 ; 4.094 ; 4.627 ; 4.670 ;
; A[2]       ; flag_z      ; 6.604 ; 6.216 ; 7.173 ; 6.765 ;
; A[3]       ; Seg[0]      ; 5.386 ; 5.439 ; 5.951 ; 6.004 ;
; A[3]       ; Seg[1]      ; 5.365 ; 5.416 ; 5.930 ; 5.981 ;
; A[3]       ; Seg[2]      ; 6.169 ; 6.367 ; 6.734 ; 6.932 ;
; A[3]       ; Seg[3]      ; 5.294 ; 5.222 ; 5.859 ; 5.787 ;
; A[3]       ; Seg[4]      ; 5.646 ; 5.374 ; 6.200 ; 5.939 ;
; A[3]       ; Seg[5]      ; 6.263 ; 6.378 ; 6.828 ; 6.943 ;
; A[3]       ; Seg[6]      ; 5.212 ; 5.256 ; 5.777 ; 5.821 ;
; A[3]       ; flag_n      ; 4.010 ; 4.108 ; 4.575 ; 4.662 ;
; A[3]       ; flag_z      ; 6.771 ; 6.336 ; 7.325 ; 6.901 ;
; B[0]       ; Seg[0]      ; 4.762 ; 4.810 ; 5.400 ; 5.448 ;
; B[0]       ; Seg[1]      ; 4.756 ; 4.796 ; 5.394 ; 5.434 ;
; B[0]       ; Seg[2]      ; 5.707 ; 5.707 ; 6.247 ; 6.345 ;
; B[0]       ; Seg[3]      ; 4.630 ; 4.604 ; 5.268 ; 5.242 ;
; B[0]       ; Seg[4]      ; 4.805 ; 4.903 ; 5.443 ; 5.443 ;
; B[0]       ; Seg[5]      ; 5.649 ; 5.911 ; 6.287 ; 6.451 ;
; B[0]       ; Seg[6]      ; 4.585 ; 4.610 ; 5.223 ; 5.248 ;
; B[0]       ; flag_n      ; 4.236 ; 4.315 ; 4.875 ; 4.918 ;
; B[0]       ; flag_z      ; 6.067 ; 5.693 ; 6.607 ; 6.331 ;
; B[1]       ; Seg[0]      ; 4.797 ; 4.835 ; 5.354 ; 5.392 ;
; B[1]       ; Seg[1]      ; 4.767 ; 4.816 ; 5.324 ; 5.373 ;
; B[1]       ; Seg[2]      ; 5.573 ; 5.894 ; 6.130 ; 6.444 ;
; B[1]       ; Seg[3]      ; 4.651 ; 4.621 ; 5.208 ; 5.178 ;
; B[1]       ; Seg[4]      ; 4.977 ; 4.779 ; 5.527 ; 5.336 ;
; B[1]       ; Seg[5]      ; 5.667 ; 5.782 ; 6.224 ; 6.339 ;
; B[1]       ; Seg[6]      ; 4.608 ; 4.646 ; 5.165 ; 5.203 ;
; B[1]       ; flag_n      ; 4.044 ; 4.123 ; 4.645 ; 4.688 ;
; B[1]       ; flag_z      ; 6.106 ; 5.739 ; 6.656 ; 6.296 ;
; B[2]       ; Seg[0]      ; 5.429 ; 5.481 ; 6.030 ; 6.082 ;
; B[2]       ; Seg[1]      ; 5.419 ; 5.471 ; 6.020 ; 6.082 ;
; B[2]       ; Seg[2]      ; 6.224 ; 6.375 ; 6.825 ; 6.976 ;
; B[2]       ; Seg[3]      ; 5.298 ; 5.267 ; 5.899 ; 5.868 ;
; B[2]       ; Seg[4]      ; 5.473 ; 5.425 ; 6.074 ; 6.026 ;
; B[2]       ; Seg[5]      ; 6.312 ; 6.413 ; 6.913 ; 7.014 ;
; B[2]       ; Seg[6]      ; 5.253 ; 5.282 ; 5.854 ; 5.883 ;
; B[2]       ; flag_n      ; 4.065 ; 4.144 ; 4.676 ; 4.719 ;
; B[2]       ; flag_z      ; 6.771 ; 6.356 ; 7.319 ; 6.957 ;
; B[3]       ; Seg[0]      ; 5.587 ; 5.640 ; 6.203 ; 6.256 ;
; B[3]       ; Seg[1]      ; 5.566 ; 5.617 ; 6.182 ; 6.233 ;
; B[3]       ; Seg[2]      ; 6.370 ; 6.568 ; 6.986 ; 7.184 ;
; B[3]       ; Seg[3]      ; 5.495 ; 5.423 ; 6.111 ; 6.039 ;
; B[3]       ; Seg[4]      ; 5.846 ; 5.575 ; 6.455 ; 6.191 ;
; B[3]       ; Seg[5]      ; 6.464 ; 6.579 ; 7.080 ; 7.195 ;
; B[3]       ; Seg[6]      ; 5.413 ; 5.457 ; 6.029 ; 6.073 ;
; B[3]       ; flag_n      ; 4.211 ; 4.308 ; 4.827 ; 4.917 ;
; B[3]       ; flag_z      ; 6.971 ; 6.537 ; 7.580 ; 7.153 ;
; op_sel[0]  ; Seg[0]      ; 4.450 ; 4.498 ; 4.988 ; 5.036 ;
; op_sel[0]  ; Seg[1]      ; 4.444 ; 4.484 ; 4.982 ; 5.022 ;
; op_sel[0]  ; Seg[2]      ; 5.349 ; 5.395 ; 5.907 ; 5.933 ;
; op_sel[0]  ; Seg[3]      ; 4.318 ; 4.292 ; 4.856 ; 4.830 ;
; op_sel[0]  ; Seg[4]      ; 4.493 ; 4.545 ; 5.031 ; 5.103 ;
; op_sel[0]  ; Seg[5]      ; 5.337 ; 5.553 ; 5.875 ; 6.111 ;
; op_sel[0]  ; Seg[6]      ; 4.273 ; 4.298 ; 4.811 ; 4.836 ;
; op_sel[0]  ; flag_n      ; 3.586 ; 3.648 ; 4.125 ; 4.206 ;
; op_sel[0]  ; flag_z      ; 5.709 ; 5.381 ; 6.267 ; 5.919 ;
; op_sel[1]  ; Seg[0]      ; 4.632 ; 4.680 ; 5.218 ; 5.266 ;
; op_sel[1]  ; Seg[1]      ; 4.626 ; 4.666 ; 5.212 ; 5.252 ;
; op_sel[1]  ; Seg[2]      ; 5.536 ; 5.577 ; 6.115 ; 6.163 ;
; op_sel[1]  ; Seg[3]      ; 4.500 ; 4.474 ; 5.086 ; 5.060 ;
; op_sel[1]  ; Seg[4]      ; 4.675 ; 4.732 ; 5.261 ; 5.311 ;
; op_sel[1]  ; Seg[5]      ; 5.519 ; 5.740 ; 6.105 ; 6.319 ;
; op_sel[1]  ; Seg[6]      ; 4.455 ; 4.480 ; 5.041 ; 5.066 ;
; op_sel[1]  ; flag_n      ; 3.768 ; 3.835 ; 4.354 ; 4.414 ;
; op_sel[1]  ; flag_z      ; 5.896 ; 5.563 ; 6.475 ; 6.149 ;
+------------+-------------+-------+-------+-------+-------+


---------------------------------------------
; Fast 1200mV 0C Model Metastability Report ;
---------------------------------------------
No synchronizer chains to report.


+----------------------------------------------------------------------------+
; Multicorner Timing Analysis Summary                                        ;
+------------------+-------+------+----------+---------+---------------------+
; Clock            ; Setup ; Hold ; Recovery ; Removal ; Minimum Pulse Width ;
+------------------+-------+------+----------+---------+---------------------+
; Worst-case Slack ; N/A   ; N/A  ; N/A      ; N/A     ; N/A                 ;
; Design-wide TNS  ; 0.0   ; 0.0  ; 0.0      ; 0.0     ; 0.0                 ;
+------------------+-------+------+----------+---------+---------------------+


+--------------------------------------------------------------+
; Progagation Delay                                            ;
+------------+-------------+--------+--------+--------+--------+
; Input Port ; Output Port ; RR     ; RF     ; FR     ; FF     ;
+------------+-------------+--------+--------+--------+--------+
; A[0]       ; Seg[0]      ; 10.172 ; 10.155 ; 10.622 ; 10.605 ;
; A[0]       ; Seg[1]      ; 10.109 ; 10.132 ; 10.559 ; 10.582 ;
; A[0]       ; Seg[2]      ; 11.567 ; 11.577 ; 12.017 ; 12.046 ;
; A[0]       ; Seg[3]      ; 9.824  ; 9.921  ; 10.286 ; 10.371 ;
; A[0]       ; Seg[4]      ; 10.153 ; 10.049 ; 10.603 ; 10.556 ;
; A[0]       ; Seg[5]      ; 11.418 ; 11.363 ; 11.868 ; 11.868 ;
; A[0]       ; Seg[6]      ; 9.861  ; 9.765  ; 10.311 ; 10.249 ;
; A[0]       ; flag_n      ; 7.446  ; 7.472  ; 7.953  ; 7.922  ;
; A[0]       ; flag_z      ; 11.889 ; 11.764 ; 12.339 ; 12.271 ;
; A[1]       ; Seg[0]      ; 10.065 ; 10.048 ; 10.488 ; 10.471 ;
; A[1]       ; Seg[1]      ; 10.002 ; 10.025 ; 10.425 ; 10.448 ;
; A[1]       ; Seg[2]      ; 11.460 ; 11.470 ; 11.883 ; 11.912 ;
; A[1]       ; Seg[3]      ; 9.717  ; 9.814  ; 10.152 ; 10.237 ;
; A[1]       ; Seg[4]      ; 10.046 ; 9.942  ; 10.469 ; 10.422 ;
; A[1]       ; Seg[5]      ; 11.311 ; 11.256 ; 11.734 ; 11.734 ;
; A[1]       ; Seg[6]      ; 9.754  ; 9.658  ; 10.177 ; 10.115 ;
; A[1]       ; flag_n      ; 7.339  ; 7.365  ; 7.819  ; 7.788  ;
; A[1]       ; flag_z      ; 11.782 ; 11.657 ; 12.205 ; 12.137 ;
; A[2]       ; Seg[0]      ; 9.798  ; 9.781  ; 10.216 ; 10.199 ;
; A[2]       ; Seg[1]      ; 9.735  ; 9.758  ; 10.153 ; 10.176 ;
; A[2]       ; Seg[2]      ; 11.193 ; 11.203 ; 11.611 ; 11.640 ;
; A[2]       ; Seg[3]      ; 9.450  ; 9.547  ; 9.880  ; 9.965  ;
; A[2]       ; Seg[4]      ; 9.779  ; 9.675  ; 10.197 ; 10.150 ;
; A[2]       ; Seg[5]      ; 11.044 ; 10.989 ; 11.462 ; 11.462 ;
; A[2]       ; Seg[6]      ; 9.487  ; 9.391  ; 9.905  ; 9.843  ;
; A[2]       ; flag_n      ; 7.072  ; 7.098  ; 7.547  ; 7.516  ;
; A[2]       ; flag_z      ; 11.515 ; 11.390 ; 11.933 ; 11.865 ;
; A[3]       ; Seg[0]      ; 9.940  ; 9.923  ; 10.346 ; 10.329 ;
; A[3]       ; Seg[1]      ; 9.877  ; 9.900  ; 10.283 ; 10.306 ;
; A[3]       ; Seg[2]      ; 11.335 ; 11.354 ; 11.741 ; 11.760 ;
; A[3]       ; Seg[3]      ; 9.594  ; 9.689  ; 10.000 ; 10.095 ;
; A[3]       ; Seg[4]      ; 9.921  ; 9.864  ; 10.327 ; 10.270 ;
; A[3]       ; Seg[5]      ; 11.186 ; 11.176 ; 11.592 ; 11.582 ;
; A[3]       ; Seg[6]      ; 9.629  ; 9.557  ; 10.035 ; 9.963  ;
; A[3]       ; flag_n      ; 7.261  ; 7.240  ; 7.667  ; 7.646  ;
; A[3]       ; flag_z      ; 11.657 ; 11.579 ; 12.063 ; 11.985 ;
; B[0]       ; Seg[0]      ; 10.200 ; 10.183 ; 10.644 ; 10.627 ;
; B[0]       ; Seg[1]      ; 10.137 ; 10.160 ; 10.581 ; 10.604 ;
; B[0]       ; Seg[2]      ; 11.595 ; 11.605 ; 12.039 ; 12.068 ;
; B[0]       ; Seg[3]      ; 9.852  ; 9.949  ; 10.308 ; 10.393 ;
; B[0]       ; Seg[4]      ; 10.181 ; 10.077 ; 10.625 ; 10.578 ;
; B[0]       ; Seg[5]      ; 11.446 ; 11.391 ; 11.890 ; 11.890 ;
; B[0]       ; Seg[6]      ; 9.889  ; 9.793  ; 10.333 ; 10.271 ;
; B[0]       ; flag_n      ; 7.474  ; 7.500  ; 7.975  ; 7.944  ;
; B[0]       ; flag_z      ; 11.917 ; 11.792 ; 12.361 ; 12.293 ;
; B[1]       ; Seg[0]      ; 9.919  ; 9.902  ; 10.360 ; 10.343 ;
; B[1]       ; Seg[1]      ; 9.856  ; 9.879  ; 10.297 ; 10.320 ;
; B[1]       ; Seg[2]      ; 11.314 ; 11.324 ; 11.755 ; 11.784 ;
; B[1]       ; Seg[3]      ; 9.571  ; 9.668  ; 10.024 ; 10.109 ;
; B[1]       ; Seg[4]      ; 9.900  ; 9.796  ; 10.341 ; 10.294 ;
; B[1]       ; Seg[5]      ; 11.165 ; 11.110 ; 11.606 ; 11.606 ;
; B[1]       ; Seg[6]      ; 9.608  ; 9.512  ; 10.049 ; 9.987  ;
; B[1]       ; flag_n      ; 7.193  ; 7.219  ; 7.691  ; 7.660  ;
; B[1]       ; flag_z      ; 11.636 ; 11.511 ; 12.077 ; 12.009 ;
; B[2]       ; Seg[0]      ; 9.948  ; 9.916  ; 10.372 ; 10.340 ;
; B[2]       ; Seg[1]      ; 9.923  ; 9.888  ; 10.347 ; 10.314 ;
; B[2]       ; Seg[2]      ; 11.323 ; 11.372 ; 11.749 ; 11.796 ;
; B[2]       ; Seg[3]      ; 9.608  ; 9.677  ; 10.032 ; 10.103 ;
; B[2]       ; Seg[4]      ; 9.916  ; 9.942  ; 10.340 ; 10.366 ;
; B[2]       ; Seg[5]      ; 11.174 ; 11.195 ; 11.600 ; 11.619 ;
; B[2]       ; Seg[6]      ; 9.622  ; 9.581  ; 10.046 ; 10.005 ;
; B[2]       ; flag_n      ; 7.202  ; 7.228  ; 7.685  ; 7.654  ;
; B[2]       ; flag_z      ; 11.645 ; 11.633 ; 12.071 ; 12.057 ;
; B[3]       ; Seg[0]      ; 10.184 ; 10.167 ; 10.656 ; 10.639 ;
; B[3]       ; Seg[1]      ; 10.121 ; 10.144 ; 10.593 ; 10.616 ;
; B[3]       ; Seg[2]      ; 11.579 ; 11.598 ; 12.051 ; 12.069 ;
; B[3]       ; Seg[3]      ; 9.838  ; 9.933  ; 10.309 ; 10.405 ;
; B[3]       ; Seg[4]      ; 10.165 ; 10.108 ; 10.637 ; 10.579 ;
; B[3]       ; Seg[5]      ; 11.430 ; 11.420 ; 11.902 ; 11.891 ;
; B[3]       ; Seg[6]      ; 9.873  ; 9.801  ; 10.345 ; 10.272 ;
; B[3]       ; flag_n      ; 7.505  ; 7.484  ; 7.976  ; 7.956  ;
; B[3]       ; flag_z      ; 11.901 ; 11.823 ; 12.373 ; 12.294 ;
; op_sel[0]  ; Seg[0]      ; 9.566  ; 9.534  ; 9.989  ; 9.972  ;
; op_sel[0]  ; Seg[1]      ; 9.541  ; 9.507  ; 9.940  ; 9.949  ;
; op_sel[0]  ; Seg[2]      ; 10.942 ; 10.990 ; 11.384 ; 11.403 ;
; op_sel[0]  ; Seg[3]      ; 9.226  ; 9.296  ; 9.643  ; 9.738  ;
; op_sel[0]  ; Seg[4]      ; 9.534  ; 9.560  ; 9.970  ; 9.959  ;
; op_sel[0]  ; Seg[5]      ; 10.793 ; 10.813 ; 11.235 ; 11.225 ;
; op_sel[0]  ; Seg[6]      ; 9.240  ; 9.199  ; 9.678  ; 9.606  ;
; op_sel[0]  ; flag_n      ; 6.868  ; 6.847  ; 7.310  ; 7.289  ;
; op_sel[0]  ; flag_z      ; 11.264 ; 11.251 ; 11.706 ; 11.650 ;
; op_sel[1]  ; Seg[0]      ; 10.100 ; 10.083 ; 10.552 ; 10.535 ;
; op_sel[1]  ; Seg[1]      ; 10.037 ; 10.060 ; 10.489 ; 10.512 ;
; op_sel[1]  ; Seg[2]      ; 11.495 ; 11.514 ; 11.947 ; 11.966 ;
; op_sel[1]  ; Seg[3]      ; 9.754  ; 9.849  ; 10.206 ; 10.301 ;
; op_sel[1]  ; Seg[4]      ; 10.081 ; 10.024 ; 10.533 ; 10.476 ;
; op_sel[1]  ; Seg[5]      ; 11.346 ; 11.336 ; 11.798 ; 11.788 ;
; op_sel[1]  ; Seg[6]      ; 9.789  ; 9.717  ; 10.241 ; 10.169 ;
; op_sel[1]  ; flag_n      ; 7.421  ; 7.400  ; 7.873  ; 7.852  ;
; op_sel[1]  ; flag_z      ; 11.817 ; 11.739 ; 12.269 ; 12.191 ;
+------------+-------------+--------+--------+--------+--------+


+----------------------------------------------------------+
; Minimum Progagation Delay                                ;
+------------+-------------+-------+-------+-------+-------+
; Input Port ; Output Port ; RR    ; RF    ; FR    ; FF    ;
+------------+-------------+-------+-------+-------+-------+
; A[0]       ; Seg[0]      ; 4.641 ; 4.689 ; 5.212 ; 5.260 ;
; A[0]       ; Seg[1]      ; 4.635 ; 4.675 ; 5.206 ; 5.246 ;
; A[0]       ; Seg[2]      ; 5.544 ; 5.586 ; 6.105 ; 6.157 ;
; A[0]       ; Seg[3]      ; 4.509 ; 4.483 ; 5.080 ; 5.054 ;
; A[0]       ; Seg[4]      ; 4.684 ; 4.740 ; 5.255 ; 5.301 ;
; A[0]       ; Seg[5]      ; 5.528 ; 5.748 ; 6.099 ; 6.309 ;
; A[0]       ; Seg[6]      ; 4.464 ; 4.489 ; 5.035 ; 5.060 ;
; A[0]       ; flag_n      ; 4.215 ; 4.294 ; 4.841 ; 4.884 ;
; A[0]       ; flag_z      ; 5.904 ; 5.572 ; 6.465 ; 6.143 ;
; A[1]       ; Seg[0]      ; 4.901 ; 4.939 ; 5.435 ; 5.473 ;
; A[1]       ; Seg[1]      ; 4.871 ; 4.920 ; 5.405 ; 5.454 ;
; A[1]       ; Seg[2]      ; 5.677 ; 5.998 ; 6.211 ; 6.532 ;
; A[1]       ; Seg[3]      ; 4.755 ; 4.725 ; 5.289 ; 5.259 ;
; A[1]       ; Seg[4]      ; 5.081 ; 4.883 ; 5.615 ; 5.417 ;
; A[1]       ; Seg[5]      ; 5.771 ; 5.886 ; 6.305 ; 6.420 ;
; A[1]       ; Seg[6]      ; 4.712 ; 4.750 ; 5.246 ; 5.284 ;
; A[1]       ; flag_n      ; 4.155 ; 4.234 ; 4.765 ; 4.808 ;
; A[1]       ; flag_z      ; 6.210 ; 5.843 ; 6.744 ; 6.377 ;
; A[2]       ; Seg[0]      ; 5.289 ; 5.341 ; 5.838 ; 5.890 ;
; A[2]       ; Seg[1]      ; 5.279 ; 5.421 ; 5.828 ; 6.033 ;
; A[2]       ; Seg[2]      ; 6.084 ; 6.235 ; 6.633 ; 6.784 ;
; A[2]       ; Seg[3]      ; 5.158 ; 5.127 ; 5.707 ; 5.676 ;
; A[2]       ; Seg[4]      ; 5.333 ; 5.285 ; 5.882 ; 5.834 ;
; A[2]       ; Seg[5]      ; 6.172 ; 6.273 ; 6.721 ; 6.822 ;
; A[2]       ; Seg[6]      ; 5.113 ; 5.142 ; 5.662 ; 5.691 ;
; A[2]       ; flag_n      ; 4.015 ; 4.094 ; 4.627 ; 4.670 ;
; A[2]       ; flag_z      ; 6.604 ; 6.216 ; 7.173 ; 6.765 ;
; A[3]       ; Seg[0]      ; 5.386 ; 5.439 ; 5.951 ; 6.004 ;
; A[3]       ; Seg[1]      ; 5.365 ; 5.416 ; 5.930 ; 5.981 ;
; A[3]       ; Seg[2]      ; 6.169 ; 6.367 ; 6.734 ; 6.932 ;
; A[3]       ; Seg[3]      ; 5.294 ; 5.222 ; 5.859 ; 5.787 ;
; A[3]       ; Seg[4]      ; 5.646 ; 5.374 ; 6.200 ; 5.939 ;
; A[3]       ; Seg[5]      ; 6.263 ; 6.378 ; 6.828 ; 6.943 ;
; A[3]       ; Seg[6]      ; 5.212 ; 5.256 ; 5.777 ; 5.821 ;
; A[3]       ; flag_n      ; 4.010 ; 4.108 ; 4.575 ; 4.662 ;
; A[3]       ; flag_z      ; 6.771 ; 6.336 ; 7.325 ; 6.901 ;
; B[0]       ; Seg[0]      ; 4.762 ; 4.810 ; 5.400 ; 5.448 ;
; B[0]       ; Seg[1]      ; 4.756 ; 4.796 ; 5.394 ; 5.434 ;
; B[0]       ; Seg[2]      ; 5.707 ; 5.707 ; 6.247 ; 6.345 ;
; B[0]       ; Seg[3]      ; 4.630 ; 4.604 ; 5.268 ; 5.242 ;
; B[0]       ; Seg[4]      ; 4.805 ; 4.903 ; 5.443 ; 5.443 ;
; B[0]       ; Seg[5]      ; 5.649 ; 5.911 ; 6.287 ; 6.451 ;
; B[0]       ; Seg[6]      ; 4.585 ; 4.610 ; 5.223 ; 5.248 ;
; B[0]       ; flag_n      ; 4.236 ; 4.315 ; 4.875 ; 4.918 ;
; B[0]       ; flag_z      ; 6.067 ; 5.693 ; 6.607 ; 6.331 ;
; B[1]       ; Seg[0]      ; 4.797 ; 4.835 ; 5.354 ; 5.392 ;
; B[1]       ; Seg[1]      ; 4.767 ; 4.816 ; 5.324 ; 5.373 ;
; B[1]       ; Seg[2]      ; 5.573 ; 5.894 ; 6.130 ; 6.444 ;
; B[1]       ; Seg[3]      ; 4.651 ; 4.621 ; 5.208 ; 5.178 ;
; B[1]       ; Seg[4]      ; 4.977 ; 4.779 ; 5.527 ; 5.336 ;
; B[1]       ; Seg[5]      ; 5.667 ; 5.782 ; 6.224 ; 6.339 ;
; B[1]       ; Seg[6]      ; 4.608 ; 4.646 ; 5.165 ; 5.203 ;
; B[1]       ; flag_n      ; 4.044 ; 4.123 ; 4.645 ; 4.688 ;
; B[1]       ; flag_z      ; 6.106 ; 5.739 ; 6.656 ; 6.296 ;
; B[2]       ; Seg[0]      ; 5.429 ; 5.481 ; 6.030 ; 6.082 ;
; B[2]       ; Seg[1]      ; 5.419 ; 5.471 ; 6.020 ; 6.082 ;
; B[2]       ; Seg[2]      ; 6.224 ; 6.375 ; 6.825 ; 6.976 ;
; B[2]       ; Seg[3]      ; 5.298 ; 5.267 ; 5.899 ; 5.868 ;
; B[2]       ; Seg[4]      ; 5.473 ; 5.425 ; 6.074 ; 6.026 ;
; B[2]       ; Seg[5]      ; 6.312 ; 6.413 ; 6.913 ; 7.014 ;
; B[2]       ; Seg[6]      ; 5.253 ; 5.282 ; 5.854 ; 5.883 ;
; B[2]       ; flag_n      ; 4.065 ; 4.144 ; 4.676 ; 4.719 ;
; B[2]       ; flag_z      ; 6.771 ; 6.356 ; 7.319 ; 6.957 ;
; B[3]       ; Seg[0]      ; 5.587 ; 5.640 ; 6.203 ; 6.256 ;
; B[3]       ; Seg[1]      ; 5.566 ; 5.617 ; 6.182 ; 6.233 ;
; B[3]       ; Seg[2]      ; 6.370 ; 6.568 ; 6.986 ; 7.184 ;
; B[3]       ; Seg[3]      ; 5.495 ; 5.423 ; 6.111 ; 6.039 ;
; B[3]       ; Seg[4]      ; 5.846 ; 5.575 ; 6.455 ; 6.191 ;
; B[3]       ; Seg[5]      ; 6.464 ; 6.579 ; 7.080 ; 7.195 ;
; B[3]       ; Seg[6]      ; 5.413 ; 5.457 ; 6.029 ; 6.073 ;
; B[3]       ; flag_n      ; 4.211 ; 4.308 ; 4.827 ; 4.917 ;
; B[3]       ; flag_z      ; 6.971 ; 6.537 ; 7.580 ; 7.153 ;
; op_sel[0]  ; Seg[0]      ; 4.450 ; 4.498 ; 4.988 ; 5.036 ;
; op_sel[0]  ; Seg[1]      ; 4.444 ; 4.484 ; 4.982 ; 5.022 ;
; op_sel[0]  ; Seg[2]      ; 5.349 ; 5.395 ; 5.907 ; 5.933 ;
; op_sel[0]  ; Seg[3]      ; 4.318 ; 4.292 ; 4.856 ; 4.830 ;
; op_sel[0]  ; Seg[4]      ; 4.493 ; 4.545 ; 5.031 ; 5.103 ;
; op_sel[0]  ; Seg[5]      ; 5.337 ; 5.553 ; 5.875 ; 6.111 ;
; op_sel[0]  ; Seg[6]      ; 4.273 ; 4.298 ; 4.811 ; 4.836 ;
; op_sel[0]  ; flag_n      ; 3.586 ; 3.648 ; 4.125 ; 4.206 ;
; op_sel[0]  ; flag_z      ; 5.709 ; 5.381 ; 6.267 ; 5.919 ;
; op_sel[1]  ; Seg[0]      ; 4.632 ; 4.680 ; 5.218 ; 5.266 ;
; op_sel[1]  ; Seg[1]      ; 4.626 ; 4.666 ; 5.212 ; 5.252 ;
; op_sel[1]  ; Seg[2]      ; 5.536 ; 5.577 ; 6.115 ; 6.163 ;
; op_sel[1]  ; Seg[3]      ; 4.500 ; 4.474 ; 5.086 ; 5.060 ;
; op_sel[1]  ; Seg[4]      ; 4.675 ; 4.732 ; 5.261 ; 5.311 ;
; op_sel[1]  ; Seg[5]      ; 5.519 ; 5.740 ; 6.105 ; 6.319 ;
; op_sel[1]  ; Seg[6]      ; 4.455 ; 4.480 ; 5.041 ; 5.066 ;
; op_sel[1]  ; flag_n      ; 3.768 ; 3.835 ; 4.354 ; 4.414 ;
; op_sel[1]  ; flag_z      ; 5.896 ; 5.563 ; 6.475 ; 6.149 ;
+------------+-------------+-------+-------+-------+-------+


+------------------------------------------------------------------------------------------------------------------------------------------------------------------------------------------------------------------------------------------------------------------------------------------------------------------------------------------------------------------------------------------------------------------+
; Board Trace Model Assignments                                                                                                                                                                                                                                                                                                                                                                                    ;
+---------------+--------------+-------------------+-------------------------+-------------------------+---------------+---------------------+----------------+------------------+--------+------------------+------------------------+------------------------+--------------+---------------+-----------------+-------+---------------------+--------------------+---------------+-----------------+-------------+
; Pin           ; I/O Standard ; Near Tline Length ; Near Tline L per Length ; Near Tline C per Length ; Near Series R ; Near Differential R ; Near Pull-up R ; Near Pull-down R ; Near C ; Far Tline Length ; Far Tline L per Length ; Far Tline C per Length ; Far Series R ; Far Pull-up R ; Far Pull-down R ; Far C ; Termination Voltage ; Far Differential R ; EBD File Name ; EBD Signal Name ; EBD Far-end ;
+---------------+--------------+-------------------+-------------------------+-------------------------+---------------+---------------------+----------------+------------------+--------+------------------+------------------------+------------------------+--------------+---------------+-----------------+-------+---------------------+--------------------+---------------+-----------------+-------------+
; flag_z        ; 2.5 V        ; 0 in              ; 0 H/in                  ; 0 F/in                  ; short         ; -                   ; open           ; open             ; open   ; 0 in             ; 0 H/in                 ; 0 F/in                 ; short        ; open          ; open            ; open  ; 0 V                 ; -                  ; n/a           ; n/a             ; n/a         ;
; flag_n        ; 2.5 V        ; 0 in              ; 0 H/in                  ; 0 F/in                  ; short         ; -                   ; open           ; open             ; open   ; 0 in             ; 0 H/in                 ; 0 F/in                 ; short        ; open          ; open            ; open  ; 0 V                 ; -                  ; n/a           ; n/a             ; n/a         ;
; Seg[6]        ; 2.5 V        ; 0 in              ; 0 H/in                  ; 0 F/in                  ; short         ; -                   ; open           ; open             ; open   ; 0 in             ; 0 H/in                 ; 0 F/in                 ; short        ; open          ; open            ; open  ; 0 V                 ; -                  ; n/a           ; n/a             ; n/a         ;
; Seg[5]        ; 2.5 V        ; 0 in              ; 0 H/in                  ; 0 F/in                  ; short         ; -                   ; open           ; open             ; open   ; 0 in             ; 0 H/in                 ; 0 F/in                 ; short        ; open          ; open            ; open  ; 0 V                 ; -                  ; n/a           ; n/a             ; n/a         ;
; Seg[4]        ; 2.5 V        ; 0 in              ; 0 H/in                  ; 0 F/in                  ; short         ; -                   ; open           ; open             ; open   ; 0 in             ; 0 H/in                 ; 0 F/in                 ; short        ; open          ; open            ; open  ; 0 V                 ; -                  ; n/a           ; n/a             ; n/a         ;
; Seg[3]        ; 2.5 V        ; 0 in              ; 0 H/in                  ; 0 F/in                  ; short         ; -                   ; open           ; open             ; open   ; 0 in             ; 0 H/in                 ; 0 F/in                 ; short        ; open          ; open            ; open  ; 0 V                 ; -                  ; n/a           ; n/a             ; n/a         ;
; Seg[2]        ; 2.5 V        ; 0 in              ; 0 H/in                  ; 0 F/in                  ; short         ; -                   ; open           ; open             ; open   ; 0 in             ; 0 H/in                 ; 0 F/in                 ; short        ; open          ; open            ; open  ; 0 V                 ; -                  ; n/a           ; n/a             ; n/a         ;
; Seg[1]        ; 2.5 V        ; 0 in              ; 0 H/in                  ; 0 F/in                  ; short         ; -                   ; open           ; open             ; open   ; 0 in             ; 0 H/in                 ; 0 F/in                 ; short        ; open          ; open            ; open  ; 0 V                 ; -                  ; n/a           ; n/a             ; n/a         ;
; Seg[0]        ; 2.5 V        ; 0 in              ; 0 H/in                  ; 0 F/in                  ; short         ; -                   ; open           ; open             ; open   ; 0 in             ; 0 H/in                 ; 0 F/in                 ; short        ; open          ; open            ; open  ; 0 V                 ; -                  ; n/a           ; n/a             ; n/a         ;
; ~ALTERA_DCLK~ ; 2.5 V        ; 0 in              ; 0 H/in                  ; 0 F/in                  ; short         ; -                   ; open           ; open             ; open   ; 0 in             ; 0 H/in                 ; 0 F/in                 ; short        ; open          ; open            ; open  ; 0 V                 ; -                  ; n/a           ; n/a             ; n/a         ;
; ~ALTERA_nCEO~ ; 2.5 V        ; 0 in              ; 0 H/in                  ; 0 F/in                  ; short         ; -                   ; open           ; open             ; open   ; 0 in             ; 0 H/in                 ; 0 F/in                 ; short        ; open          ; open            ; open  ; 0 V                 ; -                  ; n/a           ; n/a             ; n/a         ;
+---------------+--------------+-------------------+-------------------------+-------------------------+---------------+---------------------+----------------+------------------+--------+------------------+------------------------+------------------------+--------------+---------------+-----------------+-------+---------------------+--------------------+---------------+-----------------+-------------+


+----------------------------------------------------------------------------+
; Input Transition Times                                                     ;
+-------------------------+--------------+-----------------+-----------------+
; Pin                     ; I/O Standard ; 10-90 Rise Time ; 90-10 Fall Time ;
+-------------------------+--------------+-----------------+-----------------+
; A[0]                    ; 2.5 V        ; 2000 ps         ; 2000 ps         ;
; B[0]                    ; 2.5 V        ; 2000 ps         ; 2000 ps         ;
; B[1]                    ; 2.5 V        ; 2000 ps         ; 2000 ps         ;
; A[1]                    ; 2.5 V        ; 2000 ps         ; 2000 ps         ;
; op_sel[1]               ; 2.5 V        ; 2000 ps         ; 2000 ps         ;
; op_sel[0]               ; 2.5 V        ; 2000 ps         ; 2000 ps         ;
; B[2]                    ; 2.5 V        ; 2000 ps         ; 2000 ps         ;
; A[2]                    ; 2.5 V        ; 2000 ps         ; 2000 ps         ;
; B[3]                    ; 2.5 V        ; 2000 ps         ; 2000 ps         ;
; A[3]                    ; 2.5 V        ; 2000 ps         ; 2000 ps         ;
; ~ALTERA_ASDO_DATA1~     ; 2.5 V        ; 2000 ps         ; 2000 ps         ;
; ~ALTERA_FLASH_nCE_nCSO~ ; 2.5 V        ; 2000 ps         ; 2000 ps         ;
; ~ALTERA_DATA0~          ; 2.5 V        ; 2000 ps         ; 2000 ps         ;
+-------------------------+--------------+-----------------+-----------------+


+--------------------------------------------------------------------------------------------------------------------------------------------------------------------------------------------------------------------------------------------------------------------------------------------------------------------------------------------------------------------------------------------------------------------------------------------------------------------------------------------------------------------------------------------------------------------------------------------------------------------------------------------------------------------------------------------+
; Slow Corner Signal Integrity Metrics                                                                                                                                                                                                                                                                                                                                                                                                                                                                                                                                                                                                                                                       ;
+---------------+--------------+---------------------+---------------------+------------------------------+------------------------------+---------------------+---------------------+--------------------------------------+--------------------------------------+-----------------------------+-----------------------------+----------------------------+----------------------------+-----------------------------+-----------------------------+--------------------+--------------------+-------------------------------------+-------------------------------------+----------------------------+----------------------------+---------------------------+---------------------------+
; Pin           ; I/O Standard ; Board Delay on Rise ; Board Delay on Fall ; Steady State Voh at FPGA Pin ; Steady State Vol at FPGA Pin ; Voh Max at FPGA Pin ; Vol Min at FPGA Pin ; Ringback Voltage on Rise at FPGA Pin ; Ringback Voltage on Fall at FPGA Pin ; 10-90 Rise Time at FPGA Pin ; 90-10 Fall Time at FPGA Pin ; Monotonic Rise at FPGA Pin ; Monotonic Fall at FPGA Pin ; Steady State Voh at Far-end ; Steady State Vol at Far-end ; Voh Max at Far-end ; Vol Min at Far-end ; Ringback Voltage on Rise at Far-end ; Ringback Voltage on Fall at Far-end ; 10-90 Rise Time at Far-end ; 90-10 Fall Time at Far-end ; Monotonic Rise at Far-end ; Monotonic Fall at Far-end ;
+---------------+--------------+---------------------+---------------------+------------------------------+------------------------------+---------------------+---------------------+--------------------------------------+--------------------------------------+-----------------------------+-----------------------------+----------------------------+----------------------------+-----------------------------+-----------------------------+--------------------+--------------------+-------------------------------------+-------------------------------------+----------------------------+----------------------------+---------------------------+---------------------------+
; flag_z        ; 2.5 V        ; 0 s                 ; 0 s                 ; 2.32 V                       ; 1.06e-06 V                   ; 2.36 V              ; -0.00548 V          ; 0.108 V                              ; 0.017 V                              ; 4.48e-10 s                  ; 4.25e-10 s                  ; Yes                        ; Yes                        ; 2.32 V                      ; 1.06e-06 V                  ; 2.36 V             ; -0.00548 V         ; 0.108 V                             ; 0.017 V                             ; 4.48e-10 s                 ; 4.25e-10 s                 ; Yes                       ; Yes                       ;
; flag_n        ; 2.5 V        ; 0 s                 ; 0 s                 ; 2.32 V                       ; 1.06e-06 V                   ; 2.36 V              ; -0.00548 V          ; 0.108 V                              ; 0.017 V                              ; 4.48e-10 s                  ; 4.25e-10 s                  ; Yes                        ; Yes                        ; 2.32 V                      ; 1.06e-06 V                  ; 2.36 V             ; -0.00548 V         ; 0.108 V                             ; 0.017 V                             ; 4.48e-10 s                 ; 4.25e-10 s                 ; Yes                       ; Yes                       ;
; Seg[6]        ; 2.5 V        ; 0 s                 ; 0 s                 ; 2.32 V                       ; 1.06e-06 V                   ; 2.36 V              ; -0.00548 V          ; 0.108 V                              ; 0.017 V                              ; 4.48e-10 s                  ; 4.25e-10 s                  ; Yes                        ; Yes                        ; 2.32 V                      ; 1.06e-06 V                  ; 2.36 V             ; -0.00548 V         ; 0.108 V                             ; 0.017 V                             ; 4.48e-10 s                 ; 4.25e-10 s                 ; Yes                       ; Yes                       ;
; Seg[5]        ; 2.5 V        ; 0 s                 ; 0 s                 ; 2.32 V                       ; 1.06e-06 V                   ; 2.33 V              ; -0.00343 V          ; 0.134 V                              ; 0.076 V                              ; 3.33e-09 s                  ; 3.16e-09 s                  ; Yes                        ; Yes                        ; 2.32 V                      ; 1.06e-06 V                  ; 2.33 V             ; -0.00343 V         ; 0.134 V                             ; 0.076 V                             ; 3.33e-09 s                 ; 3.16e-09 s                 ; Yes                       ; Yes                       ;
; Seg[4]        ; 2.5 V        ; 0 s                 ; 0 s                 ; 2.32 V                       ; 7.11e-07 V                   ; 2.36 V              ; -0.00477 V          ; 0.097 V                              ; 0.012 V                              ; 4.4e-10 s                   ; 4.15e-10 s                  ; Yes                        ; Yes                        ; 2.32 V                      ; 7.11e-07 V                  ; 2.36 V             ; -0.00477 V         ; 0.097 V                             ; 0.012 V                             ; 4.4e-10 s                  ; 4.15e-10 s                 ; Yes                       ; Yes                       ;
; Seg[3]        ; 2.5 V        ; 0 s                 ; 0 s                 ; 2.32 V                       ; 1.06e-06 V                   ; 2.36 V              ; -0.00548 V          ; 0.108 V                              ; 0.017 V                              ; 4.48e-10 s                  ; 4.25e-10 s                  ; Yes                        ; Yes                        ; 2.32 V                      ; 1.06e-06 V                  ; 2.36 V             ; -0.00548 V         ; 0.108 V                             ; 0.017 V                             ; 4.48e-10 s                 ; 4.25e-10 s                 ; Yes                       ; Yes                       ;
; Seg[2]        ; 2.5 V        ; 0 s                 ; 0 s                 ; 2.32 V                       ; 1.06e-06 V                   ; 2.36 V              ; -0.00548 V          ; 0.108 V                              ; 0.017 V                              ; 4.48e-10 s                  ; 4.25e-10 s                  ; Yes                        ; Yes                        ; 2.32 V                      ; 1.06e-06 V                  ; 2.36 V             ; -0.00548 V         ; 0.108 V                             ; 0.017 V                             ; 4.48e-10 s                 ; 4.25e-10 s                 ; Yes                       ; Yes                       ;
; Seg[1]        ; 2.5 V        ; 0 s                 ; 0 s                 ; 2.32 V                       ; 7.11e-07 V                   ; 2.36 V              ; -0.00477 V          ; 0.097 V                              ; 0.012 V                              ; 4.4e-10 s                   ; 4.15e-10 s                  ; Yes                        ; Yes                        ; 2.32 V                      ; 7.11e-07 V                  ; 2.36 V             ; -0.00477 V         ; 0.097 V                             ; 0.012 V                             ; 4.4e-10 s                  ; 4.15e-10 s                 ; Yes                       ; Yes                       ;
; Seg[0]        ; 2.5 V        ; 0 s                 ; 0 s                 ; 2.32 V                       ; 7.11e-07 V                   ; 2.36 V              ; -0.00477 V          ; 0.097 V                              ; 0.012 V                              ; 4.4e-10 s                   ; 4.15e-10 s                  ; Yes                        ; Yes                        ; 2.32 V                      ; 7.11e-07 V                  ; 2.36 V             ; -0.00477 V         ; 0.097 V                             ; 0.012 V                             ; 4.4e-10 s                  ; 4.15e-10 s                 ; Yes                       ; Yes                       ;
; ~ALTERA_DCLK~ ; 2.5 V        ; 0 s                 ; 0 s                 ; 2.32 V                       ; 5.68e-07 V                   ; 2.36 V              ; -0.0222 V           ; 0.073 V                              ; 0.035 V                              ; 3.97e-10 s                  ; 3.26e-10 s                  ; Yes                        ; Yes                        ; 2.32 V                      ; 5.68e-07 V                  ; 2.36 V             ; -0.0222 V          ; 0.073 V                             ; 0.035 V                             ; 3.97e-10 s                 ; 3.26e-10 s                 ; Yes                       ; Yes                       ;
; ~ALTERA_nCEO~ ; 2.5 V        ; 0 s                 ; 0 s                 ; 2.32 V                       ; 9.36e-07 V                   ; 2.35 V              ; -0.00597 V          ; 0.081 V                              ; 0.031 V                              ; 5.3e-10 s                   ; 7.56e-10 s                  ; Yes                        ; Yes                        ; 2.32 V                      ; 9.36e-07 V                  ; 2.35 V             ; -0.00597 V         ; 0.081 V                             ; 0.031 V                             ; 5.3e-10 s                  ; 7.56e-10 s                 ; Yes                       ; Yes                       ;
+---------------+--------------+---------------------+---------------------+------------------------------+------------------------------+---------------------+---------------------+--------------------------------------+--------------------------------------+-----------------------------+-----------------------------+----------------------------+----------------------------+-----------------------------+-----------------------------+--------------------+--------------------+-------------------------------------+-------------------------------------+----------------------------+----------------------------+---------------------------+---------------------------+


+--------------------------------------------------------------------------------------------------------------------------------------------------------------------------------------------------------------------------------------------------------------------------------------------------------------------------------------------------------------------------------------------------------------------------------------------------------------------------------------------------------------------------------------------------------------------------------------------------------------------------------------------------------------------------------------------+
; Fast Corner Signal Integrity Metrics                                                                                                                                                                                                                                                                                                                                                                                                                                                                                                                                                                                                                                                       ;
+---------------+--------------+---------------------+---------------------+------------------------------+------------------------------+---------------------+---------------------+--------------------------------------+--------------------------------------+-----------------------------+-----------------------------+----------------------------+----------------------------+-----------------------------+-----------------------------+--------------------+--------------------+-------------------------------------+-------------------------------------+----------------------------+----------------------------+---------------------------+---------------------------+
; Pin           ; I/O Standard ; Board Delay on Rise ; Board Delay on Fall ; Steady State Voh at FPGA Pin ; Steady State Vol at FPGA Pin ; Voh Max at FPGA Pin ; Vol Min at FPGA Pin ; Ringback Voltage on Rise at FPGA Pin ; Ringback Voltage on Fall at FPGA Pin ; 10-90 Rise Time at FPGA Pin ; 90-10 Fall Time at FPGA Pin ; Monotonic Rise at FPGA Pin ; Monotonic Fall at FPGA Pin ; Steady State Voh at Far-end ; Steady State Vol at Far-end ; Voh Max at Far-end ; Vol Min at Far-end ; Ringback Voltage on Rise at Far-end ; Ringback Voltage on Fall at Far-end ; 10-90 Rise Time at Far-end ; 90-10 Fall Time at Far-end ; Monotonic Rise at Far-end ; Monotonic Fall at Far-end ;
+---------------+--------------+---------------------+---------------------+------------------------------+------------------------------+---------------------+---------------------+--------------------------------------+--------------------------------------+-----------------------------+-----------------------------+----------------------------+----------------------------+-----------------------------+-----------------------------+--------------------+--------------------+-------------------------------------+-------------------------------------+----------------------------+----------------------------+---------------------------+---------------------------+
; flag_z        ; 2.5 V        ; 0 s                 ; 0 s                 ; 2.62 V                       ; 4.02e-08 V                   ; 2.71 V              ; -0.0354 V           ; 0.174 V                              ; 0.098 V                              ; 2.73e-10 s                  ; 2.69e-10 s                  ; Yes                        ; Yes                        ; 2.62 V                      ; 4.02e-08 V                  ; 2.71 V             ; -0.0354 V          ; 0.174 V                             ; 0.098 V                             ; 2.73e-10 s                 ; 2.69e-10 s                 ; Yes                       ; Yes                       ;
; flag_n        ; 2.5 V        ; 0 s                 ; 0 s                 ; 2.62 V                       ; 4.02e-08 V                   ; 2.71 V              ; -0.0354 V           ; 0.174 V                              ; 0.098 V                              ; 2.73e-10 s                  ; 2.69e-10 s                  ; Yes                        ; Yes                        ; 2.62 V                      ; 4.02e-08 V                  ; 2.71 V             ; -0.0354 V          ; 0.174 V                             ; 0.098 V                             ; 2.73e-10 s                 ; 2.69e-10 s                 ; Yes                       ; Yes                       ;
; Seg[6]        ; 2.5 V        ; 0 s                 ; 0 s                 ; 2.62 V                       ; 4.02e-08 V                   ; 2.71 V              ; -0.0354 V           ; 0.174 V                              ; 0.098 V                              ; 2.73e-10 s                  ; 2.69e-10 s                  ; Yes                        ; Yes                        ; 2.62 V                      ; 4.02e-08 V                  ; 2.71 V             ; -0.0354 V          ; 0.174 V                             ; 0.098 V                             ; 2.73e-10 s                 ; 2.69e-10 s                 ; Yes                       ; Yes                       ;
; Seg[5]        ; 2.5 V        ; 0 s                 ; 0 s                 ; 2.62 V                       ; 4.02e-08 V                   ; 2.64 V              ; -0.0115 V           ; 0.204 V                              ; 0.12 V                               ; 2.38e-09 s                  ; 2.24e-09 s                  ; No                         ; Yes                        ; 2.62 V                      ; 4.02e-08 V                  ; 2.64 V             ; -0.0115 V          ; 0.204 V                             ; 0.12 V                              ; 2.38e-09 s                 ; 2.24e-09 s                 ; No                        ; Yes                       ;
; Seg[4]        ; 2.5 V        ; 0 s                 ; 0 s                 ; 2.62 V                       ; 2.7e-08 V                    ; 2.72 V              ; -0.0401 V           ; 0.163 V                              ; 0.091 V                              ; 2.71e-10 s                  ; 2.61e-10 s                  ; Yes                        ; Yes                        ; 2.62 V                      ; 2.7e-08 V                   ; 2.72 V             ; -0.0401 V          ; 0.163 V                             ; 0.091 V                             ; 2.71e-10 s                 ; 2.61e-10 s                 ; Yes                       ; Yes                       ;
; Seg[3]        ; 2.5 V        ; 0 s                 ; 0 s                 ; 2.62 V                       ; 4.02e-08 V                   ; 2.71 V              ; -0.0354 V           ; 0.174 V                              ; 0.098 V                              ; 2.73e-10 s                  ; 2.69e-10 s                  ; Yes                        ; Yes                        ; 2.62 V                      ; 4.02e-08 V                  ; 2.71 V             ; -0.0354 V          ; 0.174 V                             ; 0.098 V                             ; 2.73e-10 s                 ; 2.69e-10 s                 ; Yes                       ; Yes                       ;
; Seg[2]        ; 2.5 V        ; 0 s                 ; 0 s                 ; 2.62 V                       ; 4.02e-08 V                   ; 2.71 V              ; -0.0354 V           ; 0.174 V                              ; 0.098 V                              ; 2.73e-10 s                  ; 2.69e-10 s                  ; Yes                        ; Yes                        ; 2.62 V                      ; 4.02e-08 V                  ; 2.71 V             ; -0.0354 V          ; 0.174 V                             ; 0.098 V                             ; 2.73e-10 s                 ; 2.69e-10 s                 ; Yes                       ; Yes                       ;
; Seg[1]        ; 2.5 V        ; 0 s                 ; 0 s                 ; 2.62 V                       ; 2.7e-08 V                    ; 2.72 V              ; -0.0401 V           ; 0.163 V                              ; 0.091 V                              ; 2.71e-10 s                  ; 2.61e-10 s                  ; Yes                        ; Yes                        ; 2.62 V                      ; 2.7e-08 V                   ; 2.72 V             ; -0.0401 V          ; 0.163 V                             ; 0.091 V                             ; 2.71e-10 s                 ; 2.61e-10 s                 ; Yes                       ; Yes                       ;
; Seg[0]        ; 2.5 V        ; 0 s                 ; 0 s                 ; 2.62 V                       ; 2.7e-08 V                    ; 2.72 V              ; -0.0401 V           ; 0.163 V                              ; 0.091 V                              ; 2.71e-10 s                  ; 2.61e-10 s                  ; Yes                        ; Yes                        ; 2.62 V                      ; 2.7e-08 V                   ; 2.72 V             ; -0.0401 V          ; 0.163 V                             ; 0.091 V                             ; 2.71e-10 s                 ; 2.61e-10 s                 ; Yes                       ; Yes                       ;
; ~ALTERA_DCLK~ ; 2.5 V        ; 0 s                 ; 0 s                 ; 2.62 V                       ; 2.2e-08 V                    ; 2.74 V              ; -0.061 V            ; 0.159 V                              ; 0.078 V                              ; 2.7e-10 s                   ; 2.2e-10 s                   ; No                         ; Yes                        ; 2.62 V                      ; 2.2e-08 V                   ; 2.74 V             ; -0.061 V           ; 0.159 V                             ; 0.078 V                             ; 2.7e-10 s                  ; 2.2e-10 s                  ; No                        ; Yes                       ;
; ~ALTERA_nCEO~ ; 2.5 V        ; 0 s                 ; 0 s                 ; 2.62 V                       ; 3.52e-08 V                   ; 2.7 V               ; -0.0121 V           ; 0.274 V                              ; 0.034 V                              ; 3.18e-10 s                  ; 4.96e-10 s                  ; No                         ; Yes                        ; 2.62 V                      ; 3.52e-08 V                  ; 2.7 V              ; -0.0121 V          ; 0.274 V                             ; 0.034 V                             ; 3.18e-10 s                 ; 4.96e-10 s                 ; No                        ; Yes                       ;
+---------------+--------------+---------------------+---------------------+------------------------------+------------------------------+---------------------+---------------------+--------------------------------------+--------------------------------------+-----------------------------+-----------------------------+----------------------------+----------------------------+-----------------------------+-----------------------------+--------------------+--------------------+-------------------------------------+-------------------------------------+----------------------------+----------------------------+---------------------------+---------------------------+


-------------------
; Clock Transfers ;
-------------------
Nothing to report.


---------------
; Report TCCS ;
---------------
No dedicated SERDES Transmitter circuitry present in device or used in design


---------------
; Report RSKM ;
---------------
No dedicated SERDES Receiver circuitry present in device or used in design


+------------------------------------------------+
; Unconstrained Paths                            ;
+---------------------------------+-------+------+
; Property                        ; Setup ; Hold ;
+---------------------------------+-------+------+
; Illegal Clocks                  ; 0     ; 0    ;
; Unconstrained Clocks            ; 0     ; 0    ;
; Unconstrained Input Ports       ; 10    ; 10   ;
; Unconstrained Input Port Paths  ; 90    ; 90   ;
; Unconstrained Output Ports      ; 9     ; 9    ;
; Unconstrained Output Port Paths ; 90    ; 90   ;
+---------------------------------+-------+------+


+------------------------------------+
; TimeQuest Timing Analyzer Messages ;
+------------------------------------+
Info: *******************************************************************
Info: Running Quartus II 64-Bit TimeQuest Timing Analyzer
    Info: Version 13.0.1 Build 232 06/12/2013 Service Pack 1 SJ Web Edition
    Info: Processing started: Wed May 28 19:52:40 2025
Info: Command: quartus_sta Lab06 -c Lab06
Info: qsta_default_script.tcl version: #1
Warning (20028): Parallel compilation is not licensed and has been disabled
Info (21076): High junction temperature operating condition is not set. Assuming a default value of '85'.
Info (21076): Low junction temperature operating condition is not set. Assuming a default value of '0'.
Critical Warning (332012): Synopsys Design Constraints File file not found: 'Lab06.sdc'. A Synopsys Design Constraints File is required by the TimeQuest Timing Analyzer to get proper timing constraints. Without it, the Compiler will not properly optimize the design.
Info (332142): No user constrained base clocks found in the design. Calling "derive_clocks -period 1.0"
Info (332096): The command derive_clocks did not find any clocks to derive.  No clocks were created or changed.
Warning (332068): No clocks defined in design.
Info (332143): No user constrained clock uncertainty found in the design. Calling "derive_clock_uncertainty"
Info (332154): The derive_clock_uncertainty command did not apply clock uncertainty to any clock-to-clock transfers.
Info: Found TIMEQUEST_REPORT_SCRIPT_INCLUDE_DEFAULT_ANALYSIS = ON
Info (332159): No clocks to report
Info: Analyzing Slow 1200mV 85C Model
Info (332140): No fmax paths to report
Info (332140): No Setup paths to report
Info (332140): No Hold paths to report
Info (332140): No Recovery paths to report
Info (332140): No Removal paths to report
Info (332140): No Minimum Pulse Width paths to report
Info: Analyzing Slow 1200mV 0C Model
Info (334003): Started post-fitting delay annotation
Info (334004): Delay annotation completed successfully
Info (332142): No user constrained base clocks found in the design. Calling "derive_clocks -period 1.0"
Info (332096): The command derive_clocks did not find any clocks to derive.  No clocks were created or changed.
Warning (332068): No clocks defined in design.
Info (332154): The derive_clock_uncertainty command did not apply clock uncertainty to any clock-to-clock transfers.
Info (332140): No fmax paths to report
Info (332140): No Setup paths to report
Info (332140): No Hold paths to report
Info (332140): No Recovery paths to report
Info (332140): No Removal paths to report
Info (332140): No Minimum Pulse Width paths to report
Info: Analyzing Fast 1200mV 0C Model
Info (332142): No user constrained base clocks found in the design. Calling "derive_clocks -period 1.0"
Info (332096): The command derive_clocks did not find any clocks to derive.  No clocks were created or changed.
Warning (332068): No clocks defined in design.
Info (332154): The derive_clock_uncertainty command did not apply clock uncertainty to any clock-to-clock transfers.
Info (332140): No Setup paths to report
Info (332140): No Hold paths to report
Info (332140): No Recovery paths to report
Info (332140): No Removal paths to report
Info (332140): No Minimum Pulse Width paths to report
Info (332102): Design is not fully constrained for setup requirements
Info (332102): Design is not fully constrained for hold requirements
Info: Quartus II 64-Bit TimeQuest Timing Analyzer was successful. 0 errors, 5 warnings
    Info: Peak virtual memory: 4583 megabytes
    Info: Processing ended: Wed May 28 19:52:41 2025
    Info: Elapsed time: 00:00:01
    Info: Total CPU time (on all processors): 00:00:01


