Analysis & Synthesis report for Lab06
Wed May 28 19:52:32 2025
Quartus II 64-Bit Version 13.0.1 Build 232 06/12/2013 Service Pack 1 SJ Web Edition


---------------------
; Table of Contents ;
---------------------
  1. Legal Notice
  2. Analysis & Synthesis Summary
  3. Analysis & Synthesis Settings
  4. Parallel Compilation
  5. Analysis & Synthesis Source Files Read
  6. Analysis & Synthesis Resource Usage Summary
  7. Analysis & Synthesis Resource Utilization by Entity
  8. General Register Statistics
  9. Multiplexer Restructuring Statistics (Restructuring Performed)
 10. Elapsed Time Per Partition
 11. Analysis & Synthesis Messages



----------------
; Legal Notice ;
----------------
Copyright (C) 1991-2013 Altera Corporation
Your use of Altera Corporation's design tools, logic functions 
and other software and tools, and its AMPP partner logic 
functions, and any output files from any of the foregoing 
(including device programming or simulation files), and any 
associated documentation or information are expressly subject 
to the terms and conditions of the Altera Program License 
Subscription Agreement, Altera MegaCore Function License 
Agreement, or other applicable license agreement, including, 
without limitation, that your use is for the sole purpose of 
programming logic devices manufactured by Altera and sold by 
Altera or its authorized distributors.  Please refer to the 
applicable agreement for further details.



+--------------------------------------------------------------------------------------+
; Analysis & Synthesis Summary                                                         ;
+------------------------------------+-------------------------------------------------+
; Analysis & Synthesis Status        ; Successful - Wed May 28 19:52:32 2025           ;
; Quartus II 64-Bit Version          ; 13.0.1 Build 232 06/12/2013 SP 1 SJ Web Edition ;
; Revision Name                      ; Lab06                                           ;
; Top-level Entity Name              ; Lab06                                           ;
; Family                             ; Cyclone III                                     ;
; Total logic elements               ; 18                                              ;
;     Total combinational functions  ; 18                                              ;
;     Dedicated logic registers      ; 0                                               ;
; Total registers                    ; 0                                               ;
; Total pins                         ; 19                                              ;
; Total virtual pins                 ; 0                                               ;
; Total memory bits                  ; 0                                               ;
; Embedded Multiplier 9-bit elements ; 0                                               ;
; Total PLLs                         ; 0                                               ;
+------------------------------------+-------------------------------------------------+


+----------------------------------------------------------------------------------------------------------------------+
; Analysis & Synthesis Settings                                                                                        ;
+----------------------------------------------------------------------------+--------------------+--------------------+
; Option                                                                     ; Setting            ; Default Value      ;
+----------------------------------------------------------------------------+--------------------+--------------------+
; Top-level entity name                                                      ; Lab06              ; Lab06              ;
; Family name                                                                ; Cyclone III        ; Cyclone IV GX      ;
; Use smart compilation                                                      ; Off                ; Off                ;
; Enable parallel Assembler and TimeQuest Timing Analyzer during compilation ; On                 ; On                 ;
; Enable compact report table                                                ; Off                ; Off                ;
; Restructure Multiplexers                                                   ; Auto               ; Auto               ;
; Create Debugging Nodes for IP Cores                                        ; Off                ; Off                ;
; Preserve fewer node names                                                  ; On                 ; On                 ;
; Disable OpenCore Plus hardware evaluation                                  ; Off                ; Off                ;
; Verilog Version                                                            ; Verilog_2001       ; Verilog_2001       ;
; VHDL Version                                                               ; VHDL_1993          ; VHDL_1993          ;
; State Machine Processing                                                   ; Auto               ; Auto               ;
; Safe State Machine                                                         ; Off                ; Off                ;
; Extract Verilog State Machines                                             ; On                 ; On                 ;
; Extract VHDL State Machines                                                ; On                 ; On                 ;
; Ignore Verilog initial constructs                                          ; Off                ; Off                ;
; Iteration limit for constant Verilog loops                                 ; 5000               ; 5000               ;
; Iteration limit for non-constant Verilog loops                             ; 250                ; 250                ;
; Add Pass-Through Logic to Inferred RAMs                                    ; On                 ; On                 ;
; Infer RAMs from Raw Logic                                                  ; On                 ; On                 ;
; Parallel Synthesis                                                         ; On                 ; On                 ;
; DSP Block Balancing                                                        ; Auto               ; Auto               ;
; NOT Gate Push-Back                                                         ; On                 ; On                 ;
; Power-Up Don't Care                                                        ; On                 ; On                 ;
; Remove Redundant Logic Cells                                               ; Off                ; Off                ;
; Remove Duplicate Registers                                                 ; On                 ; On                 ;
; Ignore CARRY Buffers                                                       ; Off                ; Off                ;
; Ignore CASCADE Buffers                                                     ; Off                ; Off                ;
; Ignore GLOBAL Buffers                                                      ; Off                ; Off                ;
; Ignore ROW GLOBAL Buffers                                                  ; Off                ; Off                ;
; Ignore LCELL Buffers                                                       ; Off                ; Off                ;
; Ignore SOFT Buffers                                                        ; On                 ; On                 ;
; Limit AHDL Integers to 32 Bits                                             ; Off                ; Off                ;
; Optimization Technique                                                     ; Balanced           ; Balanced           ;
; Carry Chain Length                                                         ; 70                 ; 70                 ;
; Auto Carry Chains                                                          ; On                 ; On                 ;
; Auto Open-Drain Pins                                                       ; On                 ; On                 ;
; Perform WYSIWYG Primitive Resynthesis                                      ; Off                ; Off                ;
; Auto ROM Replacement                                                       ; On                 ; On                 ;
; Auto RAM Replacement                                                       ; On                 ; On                 ;
; Auto DSP Block Replacement                                                 ; On                 ; On                 ;
; Auto Shift Register Replacement                                            ; Auto               ; Auto               ;
; Allow Shift Register Merging across Hierarchies                            ; Auto               ; Auto               ;
; Auto Clock Enable Replacement                                              ; On                 ; On                 ;
; Strict RAM Replacement                                                     ; Off                ; Off                ;
; Allow Synchronous Control Signals                                          ; On                 ; On                 ;
; Force Use of Synchronous Clear Signals                                     ; Off                ; Off                ;
; Auto RAM Block Balancing                                                   ; On                 ; On                 ;
; Auto RAM to Logic Cell Conversion                                          ; Off                ; Off                ;
; Auto Resource Sharing                                                      ; Off                ; Off                ;
; Allow Any RAM Size For Recognition                                         ; Off                ; Off                ;
; Allow Any ROM Size For Recognition                                         ; Off                ; Off                ;
; Allow Any Shift Register Size For Recognition                              ; Off                ; Off                ;
; Use LogicLock Constraints during Resource Balancing                        ; On                 ; On                 ;
; Ignore translate_off and synthesis_off directives                          ; Off                ; Off                ;
; Timing-Driven Synthesis                                                    ; On                 ; On                 ;
; Report Parameter Settings                                                  ; On                 ; On                 ;
; Report Source Assignments                                                  ; On                 ; On                 ;
; Report Connectivity Checks                                                 ; On                 ; On                 ;
; Ignore Maximum Fan-Out Assignments                                         ; Off                ; Off                ;
; Synchronization Register Chain Length                                      ; 2                  ; 2                  ;
; PowerPlay Power Optimization                                               ; Normal compilation ; Normal compilation ;
; HDL message level                                                          ; Level2             ; Level2             ;
; Suppress Register Optimization Related Messages                            ; Off                ; Off                ;
; Number of Removed Registers Reported in Synthesis Report                   ; 5000               ; 5000               ;
; Number of Swept Nodes Reported in Synthesis Report                         ; 5000               ; 5000               ;
; Number of Inverted Registers Reported in Synthesis Report                  ; 100                ; 100                ;
; Clock MUX Protection                                                       ; On                 ; On                 ;
; Auto Gated Clock Conversion                                                ; Off                ; Off                ;
; Block Design Naming                                                        ; Auto               ; Auto               ;
; SDC constraint protection                                                  ; Off                ; Off                ;
; Synthesis Effort                                                           ; Auto               ; Auto               ;
; Shift Register Replacement - Allow Asynchronous Clear Signal               ; On                 ; On                 ;
; Pre-Mapping Resynthesis Optimization                                       ; Off                ; Off                ;
; Analysis & Synthesis Message Level                                         ; Medium             ; Medium             ;
; Disable Register Merging Across Hierarchies                                ; Auto               ; Auto               ;
; Resource Aware Inference For Block RAM                                     ; On                 ; On                 ;
; Synthesis Seed                                                             ; 1                  ; 1                  ;
+----------------------------------------------------------------------------+--------------------+--------------------+


Parallel compilation was disabled, but you have multiple processors available. Enable parallel compilation to reduce compilation time.
+-------------------------------------+
; Parallel Compilation                ;
+----------------------------+--------+
; Processors                 ; Number ;
+----------------------------+--------+
; Number detected on machine ; 8      ;
; Maximum allowed            ; 1      ;
+----------------------------+--------+


+----------------------------------------------------------------------------------------------------------------------------------------------------------------------------------+
; Analysis & Synthesis Source Files Read                                                                                                                                           ;
+----------------------------------+-----------------+------------------------------------------+------------------------------------------------------------------------+---------+
; File Name with User-Entered Path ; Used in Netlist ; File Type                                ; File Name with Absolute Path                                           ; Library ;
+----------------------------------+-----------------+------------------------------------------+------------------------------------------------------------------------+---------+
; Lab06.bdf                        ; yes             ; User Block Diagram/Schematic File        ; C:/Users/ralex/Documents/GitHub/CircuitosDigitais/Lab06/Lab06.bdf      ;         ;
; ula.bdf                          ; yes             ; Auto-Found Block Diagram/Schematic File  ; C:/Users/ralex/Documents/GitHub/CircuitosDigitais/Lab06/ula.bdf        ;         ;
; neg.bdf                          ; yes             ; Auto-Found Block Diagram/Schematic File  ; C:/Users/ralex/Documents/GitHub/CircuitosDigitais/Lab06/neg.bdf        ;         ;
; lab05.bdf                        ; yes             ; Auto-Found Block Diagram/Schematic File  ; C:/Users/ralex/Documents/GitHub/CircuitosDigitais/Lab06/lab05.bdf      ;         ;
; mux.bdf                          ; yes             ; Auto-Found Block Diagram/Schematic File  ; C:/Users/ralex/Documents/GitHub/CircuitosDigitais/Lab06/mux.bdf        ;         ;
; rca4.bdf                         ; yes             ; Auto-Found Block Diagram/Schematic File  ; C:/Users/ralex/Documents/GitHub/CircuitosDigitais/Lab06/rca4.bdf       ;         ;
; fa.bdf                           ; yes             ; Auto-Found Block Diagram/Schematic File  ; C:/Users/ralex/Documents/GitHub/CircuitosDigitais/Lab06/fa.bdf         ;         ;
; andula.bdf                       ; yes             ; Auto-Found Block Diagram/Schematic File  ; C:/Users/ralex/Documents/GitHub/CircuitosDigitais/Lab06/andula.bdf     ;         ;
; orula.bdf                        ; yes             ; Auto-Found Block Diagram/Schematic File  ; C:/Users/ralex/Documents/GitHub/CircuitosDigitais/Lab06/orula.bdf      ;         ;
; notula.bdf                       ; yes             ; Auto-Found Block Diagram/Schematic File  ; C:/Users/ralex/Documents/GitHub/CircuitosDigitais/Lab06/notula.bdf     ;         ;
; zero.bdf                         ; yes             ; Auto-Found Block Diagram/Schematic File  ; C:/Users/ralex/Documents/GitHub/CircuitosDigitais/Lab06/zero.bdf       ;         ;
; segmentoa.bdf                    ; yes             ; Auto-Found Block Diagram/Schematic File  ; C:/Users/ralex/Documents/GitHub/CircuitosDigitais/Lab06/segmentoa.bdf  ;         ;
; b.bdf                            ; yes             ; Auto-Found Block Diagram/Schematic File  ; C:/Users/ralex/Documents/GitHub/CircuitosDigitais/Lab06/b.bdf          ;         ;
; diplay_c.bdf                     ; yes             ; Auto-Found Block Diagram/Schematic File  ; C:/Users/ralex/Documents/GitHub/CircuitosDigitais/Lab06/diplay_c.bdf   ;         ;
; segmento_d.bdf                   ; yes             ; Auto-Found Block Diagram/Schematic File  ; C:/Users/ralex/Documents/GitHub/CircuitosDigitais/Lab06/segmento_d.bdf ;         ;
; e_dupla5.bdf                     ; yes             ; Auto-Found Block Diagram/Schematic File  ; C:/Users/ralex/Documents/GitHub/CircuitosDigitais/Lab06/e_dupla5.bdf   ;         ;
; segmentof.bdf                    ; yes             ; Auto-Found Block Diagram/Schematic File  ; C:/Users/ralex/Documents/GitHub/CircuitosDigitais/Lab06/segmentof.bdf  ;         ;
; letrag.bdf                       ; yes             ; Auto-Found Block Diagram/Schematic File  ; C:/Users/ralex/Documents/GitHub/CircuitosDigitais/Lab06/letrag.bdf     ;         ;
+----------------------------------+-----------------+------------------------------------------+------------------------------------------------------------------------+---------+


+---------------------------------------------------------------------------------------+
; Analysis & Synthesis Resource Usage Summary                                           ;
+---------------------------------------------+-----------------------------------------+
; Resource                                    ; Usage                                   ;
+---------------------------------------------+-----------------------------------------+
; Estimated Total logic elements              ; 18                                      ;
;                                             ;                                         ;
; Total combinational functions               ; 18                                      ;
; Logic element usage by number of LUT inputs ;                                         ;
;     -- 4 input functions                    ; 16                                      ;
;     -- 3 input functions                    ; 1                                       ;
;     -- <=2 input functions                  ; 1                                       ;
;                                             ;                                         ;
; Logic elements by mode                      ;                                         ;
;     -- normal mode                          ; 18                                      ;
;     -- arithmetic mode                      ; 0                                       ;
;                                             ;                                         ;
; Total registers                             ; 0                                       ;
;     -- Dedicated logic registers            ; 0                                       ;
;     -- I/O registers                        ; 0                                       ;
;                                             ;                                         ;
; I/O pins                                    ; 19                                      ;
; Embedded Multiplier 9-bit elements          ; 0                                       ;
; Maximum fan-out node                        ; ULA:inst8|Lab05:inst3|MUX:inst3|inst1~4 ;
; Maximum fan-out                             ; 9                                       ;
; Total fan-out                               ; 97                                      ;
; Average fan-out                             ; 1.73                                    ;
+---------------------------------------------+-----------------------------------------+


+------------------------------------------------------------------------------------------------------------------------------------------------------------------------------------------------+
; Analysis & Synthesis Resource Utilization by Entity                                                                                                                                            ;
+----------------------------+-------------------+--------------+-------------+--------------+---------+-----------+------+--------------+----------------------------------------+--------------+
; Compilation Hierarchy Node ; LC Combinationals ; LC Registers ; Memory Bits ; DSP Elements ; DSP 9x9 ; DSP 18x18 ; Pins ; Virtual Pins ; Full Hierarchy Name                    ; Library Name ;
+----------------------------+-------------------+--------------+-------------+--------------+---------+-----------+------+--------------+----------------------------------------+--------------+
; |Lab06                     ; 18 (0)            ; 0 (0)        ; 0           ; 0            ; 0       ; 0         ; 19   ; 0            ; |Lab06                                 ; work         ;
;    |B:inst1|               ; 1 (1)             ; 0 (0)        ; 0           ; 0            ; 0       ; 0         ; 0    ; 0            ; |Lab06|B:inst1                         ; work         ;
;    |Diplay_C:inst2|        ; 1 (1)             ; 0 (0)        ; 0           ; 0            ; 0       ; 0         ; 0    ; 0            ; |Lab06|Diplay_C:inst2                  ; work         ;
;    |E_dupla5:inst4|        ; 1 (1)             ; 0 (0)        ; 0           ; 0            ; 0       ; 0         ; 0    ; 0            ; |Lab06|E_dupla5:inst4                  ; work         ;
;    |SegmentoA:inst|        ; 1 (1)             ; 0 (0)        ; 0           ; 0            ; 0       ; 0         ; 0    ; 0            ; |Lab06|SegmentoA:inst                  ; work         ;
;    |Segmento_D:inst3|      ; 1 (1)             ; 0 (0)        ; 0           ; 0            ; 0       ; 0         ; 0    ; 0            ; |Lab06|Segmento_D:inst3                ; work         ;
;    |ULA:inst8|             ; 11 (0)            ; 0 (0)        ; 0           ; 0            ; 0       ; 0         ; 0    ; 0            ; |Lab06|ULA:inst8                       ; work         ;
;       |Lab05:inst3|        ; 9 (0)             ; 0 (0)        ; 0           ; 0            ; 0       ; 0         ; 0    ; 0            ; |Lab06|ULA:inst8|Lab05:inst3           ; work         ;
;          |MUX:inst1|       ; 3 (3)             ; 0 (0)        ; 0           ; 0            ; 0       ; 0         ; 0    ; 0            ; |Lab06|ULA:inst8|Lab05:inst3|MUX:inst1 ; work         ;
;          |MUX:inst2|       ; 2 (2)             ; 0 (0)        ; 0           ; 0            ; 0       ; 0         ; 0    ; 0            ; |Lab06|ULA:inst8|Lab05:inst3|MUX:inst2 ; work         ;
;          |MUX:inst3|       ; 3 (3)             ; 0 (0)        ; 0           ; 0            ; 0       ; 0         ; 0    ; 0            ; |Lab06|ULA:inst8|Lab05:inst3|MUX:inst3 ; work         ;
;          |MUX:inst|        ; 1 (1)             ; 0 (0)        ; 0           ; 0            ; 0       ; 0         ; 0    ; 0            ; |Lab06|ULA:inst8|Lab05:inst3|MUX:inst  ; work         ;
;       |RCA4:inst6|         ; 1 (0)             ; 0 (0)        ; 0           ; 0            ; 0       ; 0         ; 0    ; 0            ; |Lab06|ULA:inst8|RCA4:inst6            ; work         ;
;          |FA:inst3|        ; 1 (1)             ; 0 (0)        ; 0           ; 0            ; 0       ; 0         ; 0    ; 0            ; |Lab06|ULA:inst8|RCA4:inst6|FA:inst3   ; work         ;
;       |ZERO:inst5|         ; 1 (1)             ; 0 (0)        ; 0           ; 0            ; 0       ; 0         ; 0    ; 0            ; |Lab06|ULA:inst8|ZERO:inst5            ; work         ;
;    |letraG:inst6|          ; 1 (1)             ; 0 (0)        ; 0           ; 0            ; 0       ; 0         ; 0    ; 0            ; |Lab06|letraG:inst6                    ; work         ;
;    |segmentof:inst5|       ; 1 (1)             ; 0 (0)        ; 0           ; 0            ; 0       ; 0         ; 0    ; 0            ; |Lab06|segmentof:inst5                 ; work         ;
+----------------------------+-------------------+--------------+-------------+--------------+---------+-----------+------+--------------+----------------------------------------+--------------+
Note: For table entries with two numbers listed, the numbers in parentheses indicate the number of resources of the given type used by the specific entity alone. The numbers listed outside of parentheses indicate the total resources of the given type used by the specific entity and all of its sub-entities in the hierarchy.


+------------------------------------------------------+
; General Register Statistics                          ;
+----------------------------------------------+-------+
; Statistic                                    ; Value ;
+----------------------------------------------+-------+
; Total registers                              ; 0     ;
; Number of registers using Synchronous Clear  ; 0     ;
; Number of registers using Synchronous Load   ; 0     ;
; Number of registers using Asynchronous Clear ; 0     ;
; Number of registers using Asynchronous Load  ; 0     ;
; Number of registers using Clock Enable       ; 0     ;
; Number of registers using Preset             ; 0     ;
+----------------------------------------------+-------+


+------------------------------------------------------------------------------------------------------------------------------------------------------------+
; Multiplexer Restructuring Statistics (Restructuring Performed)                                                                                             ;
+--------------------+-----------+---------------+----------------------+------------------------+------------+----------------------------------------------+
; Multiplexer Inputs ; Bus Width ; Baseline Area ; Area if Restructured ; Saving if Restructured ; Registered ; Example Multiplexer Output                   ;
+--------------------+-----------+---------------+----------------------+------------------------+------------+----------------------------------------------+
; 4:1                ; 4 bits    ; 8 LEs         ; 8 LEs                ; 0 LEs                  ; No         ; |Lab06|ULA:inst8|Lab05:inst3|MUX:inst1|inst1 ;
+--------------------+-----------+---------------+----------------------+------------------------+------------+----------------------------------------------+


+-------------------------------+
; Elapsed Time Per Partition    ;
+----------------+--------------+
; Partition Name ; Elapsed Time ;
+----------------+--------------+
; Top            ; 00:00:00     ;
+----------------+--------------+


+-------------------------------+
; Analysis & Synthesis Messages ;
+-------------------------------+
Info: *******************************************************************
Info: Running Quartus II 64-Bit Analysis & Synthesis
    Info: Version 13.0.1 Build 232 06/12/2013 Service Pack 1 SJ Web Edition
    Info: Processing started: Wed May 28 19:52:31 2025
Info: Command: quartus_map --read_settings_files=on --write_settings_files=off Lab06 -c Lab06
Warning (20028): Parallel compilation is not licensed and has been disabled
Info (12021): Found 1 design units, including 1 entities, in source file lab06.bdf
    Info (12023): Found entity 1: Lab06
Info (12127): Elaborating entity "Lab06" for the top level hierarchy
Warning (12125): Using design file ula.bdf, which is not specified as a design file for the current project, but contains definitions for 1 design units and 1 entities in project
    Info (12023): Found entity 1: ULA
Info (12128): Elaborating entity "ULA" for hierarchy "ULA:inst8"
Warning (12125): Using design file neg.bdf, which is not specified as a design file for the current project, but contains definitions for 1 design units and 1 entities in project
    Info (12023): Found entity 1: NEG
Info (12128): Elaborating entity "NEG" for hierarchy "ULA:inst8|NEG:inst4"
Warning (12125): Using design file lab05.bdf, which is not specified as a design file for the current project, but contains definitions for 1 design units and 1 entities in project
    Info (12023): Found entity 1: Lab05
Info (12128): Elaborating entity "Lab05" for hierarchy "ULA:inst8|Lab05:inst3"
Warning (12090): Entity "MUX" obtained from "mux.bdf" instead of from Quartus II megafunction library
Warning (12125): Using design file mux.bdf, which is not specified as a design file for the current project, but contains definitions for 1 design units and 1 entities in project
    Info (12023): Found entity 1: MUX
Info (12128): Elaborating entity "MUX" for hierarchy "ULA:inst8|Lab05:inst3|MUX:inst1"
Warning (12125): Using design file rca4.bdf, which is not specified as a design file for the current project, but contains definitions for 1 design units and 1 entities in project
    Info (12023): Found entity 1: RCA4
Info (12128): Elaborating entity "RCA4" for hierarchy "ULA:inst8|RCA4:inst6"
Warning (12125): Using design file fa.bdf, which is not specified as a design file for the current project, but contains definitions for 1 design units and 1 entities in project
    Info (12023): Found entity 1: FA
Info (12128): Elaborating entity "FA" for hierarchy "ULA:inst8|RCA4:inst6|FA:inst5"
Warning (12125): Using design file andula.bdf, which is not specified as a design file for the current project, but contains definitions for 1 design units and 1 entities in project
    Info (12023): Found entity 1: ANDULA
Info (12128): Elaborating entity "ANDULA" for hierarchy "ULA:inst8|ANDULA:inst15"
Warning (12125): Using design file orula.bdf, which is not specified as a design file for the current project, but contains definitions for 1 design units and 1 entities in project
    Info (12023): Found entity 1: ORULA
Info (12128): Elaborating entity "ORULA" for hierarchy "ULA:inst8|ORULA:inst14"
Warning (12125): Using design file notula.bdf, which is not specified as a design file for the current project, but contains definitions for 1 design units and 1 entities in project
    Info (12023): Found entity 1: NOTULA
Info (12128): Elaborating entity "NOTULA" for hierarchy "ULA:inst8|NOTULA:inst16"
Warning (275011): Block or symbol "NOT" of instance "inst2" overlaps another block or symbol
Warning (12125): Using design file zero.bdf, which is not specified as a design file for the current project, but contains definitions for 1 design units and 1 entities in project
    Info (12023): Found entity 1: ZERO
Info (12128): Elaborating entity "ZERO" for hierarchy "ULA:inst8|ZERO:inst5"
Warning (12125): Using design file segmentoa.bdf, which is not specified as a design file for the current project, but contains definitions for 1 design units and 1 entities in project
    Info (12023): Found entity 1: SegmentoA
Info (12128): Elaborating entity "SegmentoA" for hierarchy "SegmentoA:inst"
Warning (12125): Using design file b.bdf, which is not specified as a design file for the current project, but contains definitions for 1 design units and 1 entities in project
    Info (12023): Found entity 1: B
Info (12128): Elaborating entity "B" for hierarchy "B:inst1"
Warning (12125): Using design file diplay_c.bdf, which is not specified as a design file for the current project, but contains definitions for 1 design units and 1 entities in project
    Info (12023): Found entity 1: Diplay_C
Info (12128): Elaborating entity "Diplay_C" for hierarchy "Diplay_C:inst2"
Warning (12125): Using design file segmento_d.bdf, which is not specified as a design file for the current project, but contains definitions for 1 design units and 1 entities in project
    Info (12023): Found entity 1: Segmento_D
Info (12128): Elaborating entity "Segmento_D" for hierarchy "Segmento_D:inst3"
Warning (12125): Using design file e_dupla5.bdf, which is not specified as a design file for the current project, but contains definitions for 1 design units and 1 entities in project
    Info (12023): Found entity 1: E_dupla5
Info (12128): Elaborating entity "E_dupla5" for hierarchy "E_dupla5:inst4"
Warning (12125): Using design file segmentof.bdf, which is not specified as a design file for the current project, but contains definitions for 1 design units and 1 entities in project
    Info (12023): Found entity 1: segmentof
Info (12128): Elaborating entity "segmentof" for hierarchy "segmentof:inst5"
Warning (12125): Using design file letrag.bdf, which is not specified as a design file for the current project, but contains definitions for 1 design units and 1 entities in project
    Info (12023): Found entity 1: letraG
Info (12128): Elaborating entity "letraG" for hierarchy "letraG:inst6"
Info (286030): Timing-Driven Synthesis is running
Info (16010): Generating hard_block partition "hard_block:auto_generated_inst"
    Info (16011): Adding 0 node(s), including 0 DDIO, 0 PLL, 0 transceiver and 0 LCELL
Info (21057): Implemented 37 device resources after synthesis - the final resource count might be different
    Info (21058): Implemented 10 input pins
    Info (21059): Implemented 9 output pins
    Info (21061): Implemented 18 logic cells
Info: Quartus II 64-Bit Analysis & Synthesis was successful. 0 errors, 20 warnings
    Info: Peak virtual memory: 4591 megabytes
    Info: Processing ended: Wed May 28 19:52:32 2025
    Info: Elapsed time: 00:00:01
    Info: Total CPU time (on all processors): 00:00:01


